Archive member included to satisfy reference by file (symbol)

c:/program files (x86)/gnu tools arm embedded/7 2018-q2-update/bin/../lib/gcc/arm-none-eabi/7.3.1/../../../../arm-none-eabi/lib/thumb/v7e-m/fpv4-sp/hard\libc_nano.a(lib_a-errno.o)
                              build/sysmem.o (__errno)
c:/program files (x86)/gnu tools arm embedded/7 2018-q2-update/bin/../lib/gcc/arm-none-eabi/7.3.1/../../../../arm-none-eabi/lib/thumb/v7e-m/fpv4-sp/hard\libc_nano.a(lib_a-exit.o)
                              c:/program files (x86)/gnu tools arm embedded/7 2018-q2-update/bin/../lib/gcc/arm-none-eabi/7.3.1/../../../../arm-none-eabi/lib/thumb/v7e-m/fpv4-sp/hard/crt0.o (exit)
c:/program files (x86)/gnu tools arm embedded/7 2018-q2-update/bin/../lib/gcc/arm-none-eabi/7.3.1/../../../../arm-none-eabi/lib/thumb/v7e-m/fpv4-sp/hard\libc_nano.a(lib_a-impure.o)
                              c:/program files (x86)/gnu tools arm embedded/7 2018-q2-update/bin/../lib/gcc/arm-none-eabi/7.3.1/../../../../arm-none-eabi/lib/thumb/v7e-m/fpv4-sp/hard\libc_nano.a(lib_a-exit.o) (_global_impure_ptr)
c:/program files (x86)/gnu tools arm embedded/7 2018-q2-update/bin/../lib/gcc/arm-none-eabi/7.3.1/../../../../arm-none-eabi/lib/thumb/v7e-m/fpv4-sp/hard\libc_nano.a(lib_a-init.o)
                              c:/program files (x86)/gnu tools arm embedded/7 2018-q2-update/bin/../lib/gcc/arm-none-eabi/7.3.1/../../../../arm-none-eabi/lib/thumb/v7e-m/fpv4-sp/hard/crt0.o (__libc_init_array)
c:/program files (x86)/gnu tools arm embedded/7 2018-q2-update/bin/../lib/gcc/arm-none-eabi/7.3.1/../../../../arm-none-eabi/lib/thumb/v7e-m/fpv4-sp/hard\libc_nano.a(lib_a-memcpy-stub.o)
                              build/queue.o (memcpy)
c:/program files (x86)/gnu tools arm embedded/7 2018-q2-update/bin/../lib/gcc/arm-none-eabi/7.3.1/../../../../arm-none-eabi/lib/thumb/v7e-m/fpv4-sp/hard\libc_nano.a(lib_a-memset.o)
                              c:/program files (x86)/gnu tools arm embedded/7 2018-q2-update/bin/../lib/gcc/arm-none-eabi/7.3.1/../../../../arm-none-eabi/lib/thumb/v7e-m/fpv4-sp/hard/crt0.o (memset)
c:/program files (x86)/gnu tools arm embedded/7 2018-q2-update/bin/../lib/gcc/arm-none-eabi/7.3.1/../../../../arm-none-eabi/lib/thumb/v7e-m/fpv4-sp/hard\libc_nano.a(lib_a-sprintf.o)
                              build/main.o (sprintf)
c:/program files (x86)/gnu tools arm embedded/7 2018-q2-update/bin/../lib/gcc/arm-none-eabi/7.3.1/../../../../arm-none-eabi/lib/thumb/v7e-m/fpv4-sp/hard\libc_nano.a(lib_a-strcpy.o)
                              build/tasks.o (strcpy)
c:/program files (x86)/gnu tools arm embedded/7 2018-q2-update/bin/../lib/gcc/arm-none-eabi/7.3.1/../../../../arm-none-eabi/lib/thumb/v7e-m/fpv4-sp/hard\libc_nano.a(lib_a-strlen.o)
                              build/main.o (strlen)
c:/program files (x86)/gnu tools arm embedded/7 2018-q2-update/bin/../lib/gcc/arm-none-eabi/7.3.1/../../../../arm-none-eabi/lib/thumb/v7e-m/fpv4-sp/hard\libc_nano.a(lib_a-nano-svfprintf.o)
                              c:/program files (x86)/gnu tools arm embedded/7 2018-q2-update/bin/../lib/gcc/arm-none-eabi/7.3.1/../../../../arm-none-eabi/lib/thumb/v7e-m/fpv4-sp/hard\libc_nano.a(lib_a-sprintf.o) (_svfprintf_r)
c:/program files (x86)/gnu tools arm embedded/7 2018-q2-update/bin/../lib/gcc/arm-none-eabi/7.3.1/../../../../arm-none-eabi/lib/thumb/v7e-m/fpv4-sp/hard\libc_nano.a(lib_a-nano-vfprintf_i.o)
                              c:/program files (x86)/gnu tools arm embedded/7 2018-q2-update/bin/../lib/gcc/arm-none-eabi/7.3.1/../../../../arm-none-eabi/lib/thumb/v7e-m/fpv4-sp/hard\libc_nano.a(lib_a-nano-svfprintf.o) (_printf_i)
c:/program files (x86)/gnu tools arm embedded/7 2018-q2-update/bin/../lib/gcc/arm-none-eabi/7.3.1/../../../../arm-none-eabi/lib/thumb/v7e-m/fpv4-sp/hard\libc_nano.a(lib_a-memchr.o)
                              c:/program files (x86)/gnu tools arm embedded/7 2018-q2-update/bin/../lib/gcc/arm-none-eabi/7.3.1/../../../../arm-none-eabi/lib/thumb/v7e-m/fpv4-sp/hard\libc_nano.a(lib_a-nano-svfprintf.o) (memchr)
c:/program files (x86)/gnu tools arm embedded/7 2018-q2-update/bin/../lib/gcc/arm-none-eabi/7.3.1/../../../../arm-none-eabi/lib/thumb/v7e-m/fpv4-sp/hard\libc_nano.a(lib_a-memmove.o)
                              c:/program files (x86)/gnu tools arm embedded/7 2018-q2-update/bin/../lib/gcc/arm-none-eabi/7.3.1/../../../../arm-none-eabi/lib/thumb/v7e-m/fpv4-sp/hard\libc_nano.a(lib_a-nano-svfprintf.o) (memmove)
c:/program files (x86)/gnu tools arm embedded/7 2018-q2-update/bin/../lib/gcc/arm-none-eabi/7.3.1/../../../../arm-none-eabi/lib/thumb/v7e-m/fpv4-sp/hard\libc_nano.a(lib_a-nano-freer.o)
                              c:/program files (x86)/gnu tools arm embedded/7 2018-q2-update/bin/../lib/gcc/arm-none-eabi/7.3.1/../../../../arm-none-eabi/lib/thumb/v7e-m/fpv4-sp/hard\libc_nano.a(lib_a-nano-svfprintf.o) (_free_r)
[...]
Memory Configuration

Name             Origin             Length             Attributes
RAM              0x20000000         0x00010000         xrw
RAM2             0x10000000         0x00004000         xrw
FLASH            0x08000000         0x00020000         xr
*default*        0x00000000         0xffffffff

Linker script and memory map

LOAD c:/program files (x86)/gnu tools arm embedded/7 2018-q2-update/bin/../lib/gcc/arm-none-eabi/7.3.1/thumb/v7e-m/fpv4-sp/hard/crti.o
LOAD c:/program files (x86)/gnu tools arm embedded/7 2018-q2-update/bin/../lib/gcc/arm-none-eabi/7.3.1/thumb/v7e-m/fpv4-sp/hard/crtbegin.o
LOAD c:/program files (x86)/gnu tools arm embedded/7 2018-q2-update/bin/../lib/gcc/arm-none-eabi/7.3.1/../../../../arm-none-eabi/lib/thumb/v7e-m/fpv4-sp/hard/crt0.o
LOAD build/main.o
LOAD build/freertos.o
LOAD build/stm32l4xx_it.o
LOAD build/stm32l4xx_hal_msp.o
LOAD build/stm32l4xx_hal.o
LOAD build/stm32l4xx_hal_rcc.o
LOAD build/stm32l4xx_hal_rcc_ex.o
LOAD build/stm32l4xx_hal_flash.o
LOAD build/stm32l4xx_hal_flash_ex.o
LOAD build/stm32l4xx_hal_flash_ramfunc.o
LOAD build/stm32l4xx_hal_gpio.o
LOAD build/stm32l4xx_hal_i2c.o
LOAD build/stm32l4xx_hal_i2c_ex.o
LOAD build/stm32l4xx_hal_dma.o
LOAD build/stm32l4xx_hal_dma_ex.o
LOAD build/stm32l4xx_hal_pwr.o
LOAD build/stm32l4xx_hal_pwr_ex.o
LOAD build/stm32l4xx_hal_cortex.o
LOAD build/stm32l4xx_hal_exti.o
LOAD build/stm32l4xx_hal_tim.o
LOAD build/stm32l4xx_hal_tim_ex.o
LOAD build/stm32l4xx_hal_uart.o
LOAD build/stm32l4xx_hal_uart_ex.o
LOAD build/system_stm32l4xx.o
LOAD build/croutine.o
LOAD build/event_groups.o
LOAD build/list.o
LOAD build/queue.o
LOAD build/stream_buffer.o
LOAD build/tasks.o
LOAD build/timers.o
LOAD build/cmsis_os.o
LOAD build/heap_4.o
LOAD build/port.o
LOAD build/sysmem.o
LOAD build/syscalls.o
LOAD build/usart.o
LOAD build/startup_stm32l431xx.o
LOAD c:/program files (x86)/gnu tools arm embedded/7 2018-q2-update/bin/../lib/gcc/arm-none-eabi/7.3.1/../../../../arm-none-eabi/lib/thumb/v7e-m/fpv4-sp/hard\libc_nano.a
LOAD c:/program files (x86)/gnu tools arm embedded/7 2018-q2-update/bin/../lib/gcc/arm-none-eabi/7.3.1/../../../../arm-none-eabi/lib/thumb/v7e-m/fpv4-sp/hard\libm.a
LOAD c:/program files (x86)/gnu tools arm embedded/7 2018-q2-update/bin/../lib/gcc/arm-none-eabi/7.3.1/../../../../arm-none-eabi/lib/thumb/v7e-m/fpv4-sp/hard\libnosys.a
START GROUP
LOAD c:/program files (x86)/gnu tools arm embedded/7 2018-q2-update/bin/../lib/gcc/arm-none-eabi/7.3.1/thumb/v7e-m/fpv4-sp/hard\libgcc.a
LOAD c:/program files (x86)/gnu tools arm embedded/7 2018-q2-update/bin/../lib/gcc/arm-none-eabi/7.3.1/../../../../arm-none-eabi/lib/thumb/v7e-m/fpv4-sp/hard\libc_nano.a
END GROUP
START GROUP
LOAD c:/program files (x86)/gnu tools arm embedded/7 2018-q2-update/bin/../lib/gcc/arm-none-eabi/7.3.1/thumb/v7e-m/fpv4-sp/hard\libgcc.a
LOAD c:/program files (x86)/gnu tools arm embedded/7 2018-q2-update/bin/../lib/gcc/arm-none-eabi/7.3.1/../../../../arm-none-eabi/lib/thumb/v7e-m/fpv4-sp/hard\libc_nano.a
END GROUP
LOAD c:/program files (x86)/gnu tools arm embedded/7 2018-q2-update/bin/../lib/gcc/arm-none-eabi/7.3.1/thumb/v7e-m/fpv4-sp/hard/crtend.o
LOAD c:/program files (x86)/gnu tools arm embedded/7 2018-q2-update/bin/../lib/gcc/arm-none-eabi/7.3.1/thumb/v7e-m/fpv4-sp/hard/crtn.o
                0x20010000                _estack = (ORIGIN (RAM) + LENGTH (RAM))
                0x00000200                _Min_Heap_Size = 0x200
                0x00000400                _Min_Stack_Size = 0x400

.isr_vector     0x08000000      0x190
                0x08000000                . = ALIGN (0x8)
 *(.isr_vector)
 .isr_vector    0x08000000      0x18c build/startup_stm32l431xx.o
                0x08000000                g_pfnVectors
                0x08000190                . = ALIGN (0x8)
 *fill*         0x0800018c        0x4 

.text           0x08000190     0x4d38
                0x08000190                . = ALIGN (0x8)
 *(.text)
 .text          0x08000190       0x40 c:/program files (x86)/gnu tools arm embedded/7 2018-q2-update/bin/../lib/gcc/arm-none-eabi/7.3.1/thumb/v7e-m/fpv4-sp/hard/crtbegin.o
 .text          0x080001d0       0x10 c:/program files (x86)/gnu tools arm embedded/7 2018-q2-update/bin/../lib/gcc/arm-none-eabi/7.3.1/../../../../arm-none-eabi/lib/thumb/v7e-m/fpv4-sp/hard\libc_nano.a(lib_a-strlen.o)
                0x080001d0                strlen
 .text          0x080001e0       0xa0 c:/program files (x86)/gnu tools arm embedded/7 2018-q2-update/bin/../lib/gcc/arm-none-eabi/7.3.1/../../../../arm-none-eabi/lib/thumb/v7e-m/fpv4-sp/hard\libc_nano.a(lib_a-memchr.o)
                0x080001e0                memchr
 .text          0x08000280       0x30 c:/program files (x86)/gnu tools arm embedded/7 2018-q2-update/bin/../lib/gcc/arm-none-eabi/7.3.1/thumb/v7e-m/fpv4-sp/hard\libgcc.a(_aeabi_uldivmod.o)
                0x08000280                __aeabi_uldivmod
 .text          0x080002b0      0x2cc c:/program files (x86)/gnu tools arm embedded/7 2018-q2-update/bin/../lib/gcc/arm-none-eabi/7.3.1/thumb/v7e-m/fpv4-sp/hard\libgcc.a(_udivmoddi4.o)
                0x080002b0                __udivmoddi4
 .text          0x0800057c        0x4 c:/program files (x86)/gnu tools arm embedded/7 2018-q2-update/bin/../lib/gcc/arm-none-eabi/7.3.1/thumb/v7e-m/fpv4-sp/hard\libgcc.a(_dvmd_tls.o)
                0x0800057c                __aeabi_idiv0
                0x0800057c                __aeabi_ldiv0
 *(.text*)
 .text.MX_GPIO_Init
                0x08000580       0x30 build/main.o
 .text.Callback01
                0x080005b0        0x2 build/main.o
                0x080005b0                Callback01
 *fill*         0x080005b2        0x2 
 .text.StartDefaultTask
                0x080005b4       0x60 build/main.o
                0x080005b4                StartDefaultTask
 .text.StartTask02
                0x08000614        0xa build/main.o
                0x08000614                StartTask02
 .text.StartTask03
                0x0800061e        0xa build/main.o
                0x0800061e                StartTask03
 .text.vApplicationIdleHook
                0x08000628       0x40 build/main.o
                0x08000628                vApplicationIdleHook
 .text.Error_Handler
                0x08000668        0x4 build/main.o
                0x08000668                Error_Handler
 .text.SystemClock_Config
                0x0800066c       0x78 build/main.o
                0x0800066c                SystemClock_Config
 .text.MX_TIM16_Init
                0x080006e4       0x34 build/main.o
                0x080006e4                MX_TIM16_Init
 .text.main     0x08000718       0xe8 build/main.o
                0x08000718                main
 .text.vApplicationStackOverflowHook
                0x08000800        0x2 build/freertos.o
                0x08000800                vApplicationStackOverflowHook
 .text.vApplicationMallocFailedHook
                0x08000802        0x2 build/freertos.o
                0x08000802                vApplicationMallocFailedHook
 .text.vApplicationGetIdleTaskMemory
                0x08000804       0x18 build/freertos.o
                0x08000804                vApplicationGetIdleTaskMemory
 .text.vApplicationGetTimerTaskMemory
                0x0800081c       0x18 build/freertos.o
                0x0800081c                vApplicationGetTimerTaskMemory
 .text.NMI_Handler
                0x08000834        0x2 build/stm32l4xx_it.o
                0x08000834                NMI_Handler
 .text.HardFault_Handler
                0x08000836        0x2 build/stm32l4xx_it.o
                0x08000836                HardFault_Handler
 .text.MemManage_Handler
                0x08000838        0x2 build/stm32l4xx_it.o
                0x08000838                MemManage_Handler
 .text.BusFault_Handler
                0x0800083a        0x2 build/stm32l4xx_it.o
                0x0800083a                BusFault_Handler
 .text.UsageFault_Handler
                0x0800083c        0x2 build/stm32l4xx_it.o
                0x0800083c                UsageFault_Handler
 .text.DebugMon_Handler
                0x0800083e        0x2 build/stm32l4xx_it.o
                0x0800083e                DebugMon_Handler
 .text.SysTick_Handler
                0x08000840       0x14 build/stm32l4xx_it.o
                0x08000840                SysTick_Handler
 .text.TIM1_UP_TIM16_IRQHandler
                0x08000854       0x1c build/stm32l4xx_it.o
                0x08000854                TIM1_UP_TIM16_IRQHandler
 .text.HAL_MspInit
                0x08000870       0x40 build/stm32l4xx_hal_msp.o
                0x08000870                HAL_MspInit
 .text.HAL_TIM_Base_MspInit
                0x080008b0       0x40 build/stm32l4xx_hal_msp.o
                0x080008b0                HAL_TIM_Base_MspInit
 .text.configureTimerForRunTimeStats
                0x080008f0        0xc build/stm32l4xx_hal_msp.o
                0x080008f0                configureTimerForRunTimeStats
 .text.getRunTimeCounterValue
                0x080008fc        0xc build/stm32l4xx_hal_msp.o
                0x080008fc                getRunTimeCounterValue
 .text.HAL_InitTick
                0x08000908       0x50 build/stm32l4xx_hal.o
                0x08000908                HAL_InitTick
 .text.HAL_Init
                0x08000958       0x1e build/stm32l4xx_hal.o
                0x08000958                HAL_Init
 *fill*         0x08000976        0x2 
 .text.HAL_IncTick
                0x08000978       0x18 build/stm32l4xx_hal.o
                0x08000978                HAL_IncTick
 .text.HAL_GetTick
                0x08000990        0xc build/stm32l4xx_hal.o
                0x08000990                HAL_GetTick
 .text.RCC_SetFlashLatencyFromMSIRange
                0x0800099c       0x90 build/stm32l4xx_hal_rcc.o
 .text.HAL_RCC_GetSysClockFreq
                0x08000a2c       0xb4 build/stm32l4xx_hal_rcc.o
                0x08000a2c                HAL_RCC_GetSysClockFreq
 .text.HAL_RCC_OscConfig
                0x08000ae0      0x678 build/stm32l4xx_hal_rcc.o
                0x08000ae0                HAL_RCC_OscConfig
 .text.HAL_RCC_ClockConfig
                0x08001158      0x188 build/stm32l4xx_hal_rcc.o
                0x08001158                HAL_RCC_ClockConfig
 .text.HAL_RCC_GetHCLKFreq
                0x080012e0        0xc build/stm32l4xx_hal_rcc.o
                0x080012e0                HAL_RCC_GetHCLKFreq
 .text.HAL_RCC_GetPCLK1Freq
                0x080012ec       0x24 build/stm32l4xx_hal_rcc.o
                0x080012ec                HAL_RCC_GetPCLK1Freq
 .text.HAL_RCC_GetPCLK2Freq
                0x08001310       0x24 build/stm32l4xx_hal_rcc.o
                0x08001310                HAL_RCC_GetPCLK2Freq
 .text.RCCEx_PLLSAI1_Config
                0x08001334      0x16c build/stm32l4xx_hal_rcc_ex.o
 .text.HAL_RCCEx_PeriphCLKConfig
                0x080014a0      0x31c build/stm32l4xx_hal_rcc_ex.o
                0x080014a0                HAL_RCCEx_PeriphCLKConfig
 .text.HAL_GPIO_Init
                0x080017bc      0x1a0 build/stm32l4xx_hal_gpio.o
                0x080017bc                HAL_GPIO_Init
 .text.HAL_PWREx_GetVoltageRange
                0x0800195c       0x10 build/stm32l4xx_hal_pwr_ex.o
                0x0800195c                HAL_PWREx_GetVoltageRange
 .text.HAL_PWREx_ControlVoltageScaling
                0x0800196c       0x90 build/stm32l4xx_hal_pwr_ex.o
                0x0800196c                HAL_PWREx_ControlVoltageScaling
 .text.HAL_NVIC_SetPriorityGrouping
                0x080019fc       0x24 build/stm32l4xx_hal_cortex.o
                0x080019fc                HAL_NVIC_SetPriorityGrouping
 .text.HAL_NVIC_SetPriority
                0x08001a20       0x68 build/stm32l4xx_hal_cortex.o
                0x08001a20                HAL_NVIC_SetPriority
 .text.HAL_NVIC_EnableIRQ
                0x08001a88       0x1c build/stm32l4xx_hal_cortex.o
                0x08001a88                HAL_NVIC_EnableIRQ
 .text.HAL_SYSTICK_Config
                0x08001aa4       0x2c build/stm32l4xx_hal_cortex.o
                0x08001aa4                HAL_SYSTICK_Config
 .text.HAL_TIM_Base_Start_IT
                0x08001ad0       0x6c build/stm32l4xx_hal_tim.o
                0x08001ad0                HAL_TIM_Base_Start_IT
 .text.HAL_TIM_PeriodElapsedCallback
                0x08001b3c        0x2 build/stm32l4xx_hal_tim.o
                0x08001b3c                HAL_TIM_PeriodElapsedCallback
 .text.HAL_TIM_OC_DelayElapsedCallback
                0x08001b3e        0x2 build/stm32l4xx_hal_tim.o
                0x08001b3e                HAL_TIM_OC_DelayElapsedCallback
 .text.HAL_TIM_IC_CaptureCallback
                0x08001b40        0x2 build/stm32l4xx_hal_tim.o
                0x08001b40                HAL_TIM_IC_CaptureCallback
 .text.HAL_TIM_PWM_PulseFinishedCallback
                0x08001b42        0x2 build/stm32l4xx_hal_tim.o
                0x08001b42                HAL_TIM_PWM_PulseFinishedCallback
 .text.HAL_TIM_TriggerCallback
                0x08001b44        0x2 build/stm32l4xx_hal_tim.o
                0x08001b44                HAL_TIM_TriggerCallback
 .text.HAL_TIM_IRQHandler
                0x08001b46      0x17a build/stm32l4xx_hal_tim.o
                0x08001b46                HAL_TIM_IRQHandler
 .text.TIM_Base_SetConfig
                0x08001cc0       0x70 build/stm32l4xx_hal_tim.o
                0x08001cc0                TIM_Base_SetConfig
 .text.HAL_TIM_Base_Init
                0x08001d30       0x5e build/stm32l4xx_hal_tim.o
                0x08001d30                HAL_TIM_Base_Init
 .text.HAL_TIMEx_CommutCallback
                0x08001d8e        0x2 build/stm32l4xx_hal_tim_ex.o
                0x08001d8e                HAL_TIMEx_CommutCallback
 .text.HAL_TIMEx_BreakCallback
                0x08001d90        0x2 build/stm32l4xx_hal_tim_ex.o
                0x08001d90                HAL_TIMEx_BreakCallback
 .text.HAL_TIMEx_Break2Callback
                0x08001d92        0x2 build/stm32l4xx_hal_tim_ex.o
                0x08001d92                HAL_TIMEx_Break2Callback
 .text.UART_EndRxTransfer
                0x08001d94       0x52 build/stm32l4xx_hal_uart.o
 *fill*         0x08001de6        0x2 
 .text.UART_SetConfig
                0x08001de8      0x2a0 build/stm32l4xx_hal_uart.o
                0x08001de8                UART_SetConfig
 .text.UART_AdvFeatureConfig
                0x08002088       0xca build/stm32l4xx_hal_uart.o
                0x08002088                UART_AdvFeatureConfig
 .text.UART_WaitOnFlagUntilTimeout
                0x08002152       0x90 build/stm32l4xx_hal_uart.o
                0x08002152                UART_WaitOnFlagUntilTimeout
 .text.HAL_UART_Transmit
                0x080021e2       0xca build/stm32l4xx_hal_uart.o
                0x080021e2                HAL_UART_Transmit
 .text.UART_CheckIdleState
                0x080022ac       0xc6 build/stm32l4xx_hal_uart.o
                0x080022ac                UART_CheckIdleState
 .text.HAL_RS485Ex_Init
                0x08002372       0x82 build/stm32l4xx_hal_uart_ex.o
                0x08002372                HAL_RS485Ex_Init
 .text.SystemInit
                0x080023f4       0x14 build/system_stm32l4xx.o
                0x080023f4                SystemInit
 .text.vListInitialise
                0x08002408       0x16 build/list.o
                0x08002408                vListInitialise
 .text.vListInitialiseItem
                0x0800241e        0x6 build/list.o
                0x0800241e                vListInitialiseItem
 .text.vListInsertEnd
                0x08002424       0x18 build/list.o
                0x08002424                vListInsertEnd
 .text.vListInsert
                0x0800243c       0x34 build/list.o
                0x0800243c                vListInsert
 .text.uxListRemove
                0x08002470       0x28 build/list.o
                0x08002470                uxListRemove
 .text.prvIsQueueFull
                0x08002498       0x1e build/queue.o
 .text.prvIsQueueEmpty
                0x080024b6       0x1a build/queue.o
 .text.prvCopyDataToQueue
                0x080024d0       0x76 build/queue.o
 .text.prvCopyDataFromQueue
                0x08002546       0x24 build/queue.o
 .text.prvUnlockQueue
                0x0800256a       0x6e build/queue.o
 .text.xQueueGenericReset
                0x080025d8       0x84 build/queue.o
                0x080025d8                xQueueGenericReset
 .text.prvInitialiseNewQueue
                0x0800265c       0x22 build/queue.o
 .text.xQueueGenericCreateStatic
                0x0800267e       0x92 build/queue.o
                0x0800267e                xQueueGenericCreateStatic
 .text.xQueueGenericCreate
                0x08002710       0x48 build/queue.o
                0x08002710                xQueueGenericCreate
 .text.xQueueGenericSend
                0x08002758      0x17c build/queue.o
                0x08002758                xQueueGenericSend
 .text.prvInitialiseMutex
                0x080028d4       0x18 build/queue.o
 .text.xQueueCreateMutex
                0x080028ec       0x16 build/queue.o
                0x080028ec                xQueueCreateMutex
 .text.xQueueCreateMutexStatic
                0x08002902       0x1e build/queue.o
                0x08002902                xQueueCreateMutexStatic
 .text.xQueueGenericSendFromISR
                0x08002920       0xce build/queue.o
                0x08002920                xQueueGenericSendFromISR
 *fill*         0x080029ee        0x2 
 .text.xQueueReceive
                0x080029f0      0x158 build/queue.o
                0x080029f0                xQueueReceive
 .text.vQueueAddToRegistry
                0x08002b48       0x28 build/queue.o
                0x08002b48                vQueueAddToRegistry
 .text.vQueueWaitForMessageRestricted
                0x08002b70       0x52 build/queue.o
                0x08002b70                vQueueWaitForMessageRestricted
 .text.prvTaskCheckFreeStackSpace
                0x08002bc2       0x14 build/tasks.o
 *fill*         0x08002bd6        0x2 
 .text.prvResetNextTaskUnblockTime
                0x08002bd8       0x2c build/tasks.o
 .text.prvInitialiseNewTask
                0x08002c04       0xa0 build/tasks.o
 .text.prvInitialiseTaskLists
                0x08002ca4       0x68 build/tasks.o
 .text.prvAddNewTaskToReadyList
                0x08002d0c       0xac build/tasks.o
 .text.prvDeleteTCB
                0x08002db8       0x38 build/tasks.o
 .text.prvCheckTasksWaitingTermination
                0x08002df0       0x4c build/tasks.o
 .text.prvAddCurrentTaskToDelayedList
                0x08002e3c       0x98 build/tasks.o
 .text.prvIdleTask
                0x08002ed4       0x30 build/tasks.o
 .text.xTaskCreateStatic
                0x08002f04       0x74 build/tasks.o
                0x08002f04                xTaskCreateStatic
 .text.xTaskCreate
                0x08002f78       0x66 build/tasks.o
                0x08002f78                xTaskCreate
 *fill*         0x08002fde        0x2 
 .text.eTaskGetState
                0x08002fe0       0x90 build/tasks.o
                0x08002fe0                eTaskGetState
 .text.vTaskStartScheduler
                0x08003070       0x98 build/tasks.o
                0x08003070                vTaskStartScheduler
 .text.vTaskSuspendAll
                0x08003108       0x10 build/tasks.o
                0x08003108                vTaskSuspendAll
 .text.xTaskGetTickCount
                0x08003118        0xc build/tasks.o
                0x08003118                xTaskGetTickCount
 .text.uxTaskGetNumberOfTasks
                0x08003124        0xc build/tasks.o
                0x08003124                uxTaskGetNumberOfTasks
 .text.xTaskIncrementTick
                0x08003130      0x118 build/tasks.o
                0x08003130                xTaskIncrementTick
 .text.xTaskResumeAll
                0x08003248       0xf4 build/tasks.o
                0x08003248                xTaskResumeAll
 .text.vTaskDelay
                0x0800333c       0x4c build/tasks.o
                0x0800333c                vTaskDelay
 .text.vTaskSwitchContext
                0x08003388       0xe4 build/tasks.o
                0x08003388                vTaskSwitchContext
 .text.vTaskPlaceOnEventList
                0x0800346c       0x30 build/tasks.o
                0x0800346c                vTaskPlaceOnEventList
 .text.vTaskPlaceOnEventListRestricted
                0x0800349c       0x38 build/tasks.o
                0x0800349c                vTaskPlaceOnEventListRestricted
 .text.xTaskRemoveFromEventList
                0x080034d4       0x8c build/tasks.o
                0x080034d4                xTaskRemoveFromEventList
 .text.vTaskInternalSetTimeOutState
                0x08003560       0x18 build/tasks.o
                0x08003560                vTaskInternalSetTimeOutState
 .text.xTaskCheckForTimeOut
                0x08003578       0x80 build/tasks.o
                0x08003578                xTaskCheckForTimeOut
 .text.vTaskMissedYield
                0x080035f8        0xc build/tasks.o
                0x080035f8                vTaskMissedYield
 .text.vTaskGetInfo
                0x08003604       0x78 build/tasks.o
                0x08003604                vTaskGetInfo
 .text.prvListTasksWithinSingleList
                0x0800367c       0x60 build/tasks.o
 .text.uxTaskGetSystemState
                0x080036dc       0xb0 build/tasks.o
                0x080036dc                uxTaskGetSystemState
 .text.uxTaskGetStackHighWaterMark
                0x0800378c       0x18 build/tasks.o
                0x0800378c                uxTaskGetStackHighWaterMark
 .text.xTaskGetSchedulerState
                0x080037a4       0x20 build/tasks.o
                0x080037a4                xTaskGetSchedulerState
 .text.xTaskPriorityDisinherit
                0x080037c4       0xb0 build/tasks.o
                0x080037c4                xTaskPriorityDisinherit
 .text.prvGetNextExpireTime
                0x08003874       0x20 build/timers.o
 .text.prvInsertTimerInActiveList
                0x08003894       0x48 build/timers.o
 .text.prvCheckForValidListAndQueue
                0x080038dc       0x70 build/timers.o
 .text.prvInitialiseNewTimer
                0x0800394c       0x4c build/timers.o
 .text.xTimerCreateTimerTask
                0x08003998       0x64 build/timers.o
                0x08003998                xTimerCreateTimerTask
 .text.xTimerCreate
                0x080039fc       0x38 build/timers.o
                0x080039fc                xTimerCreate
 .text.xTimerCreateStatic
                0x08003a34       0x4e build/timers.o
                0x08003a34                xTimerCreateStatic
 *fill*         0x08003a82        0x2 
 .text.xTimerGenericCommand
                0x08003a84       0x6c build/timers.o
                0x08003a84                xTimerGenericCommand
 .text.prvSwitchTimerLists
                0x08003af0       0x7c build/timers.o
 .text.prvSampleTimeNow
                0x08003b6c       0x2c build/timers.o
 .text.prvProcessExpiredTimer
                0x08003b98       0x6c build/timers.o
 .text.prvProcessTimerOrBlockTask
                0x08003c04       0x74 build/timers.o
 .text.prvProcessReceivedCommands
                0x08003c78       0xfc build/timers.o
 .text.prvTimerTask
                0x08003d74       0x16 build/timers.o
 .text.makeFreeRtosPriority
                0x08003d8a        0xc build/cmsis_os.o
 .text.osKernelStart
                0x08003d96        0xa build/cmsis_os.o
                0x08003d96                osKernelStart
 .text.osThreadCreate
                0x08003da0       0x6c build/cmsis_os.o
                0x08003da0                osThreadCreate
 .text.osDelay  0x08003e0c       0x12 build/cmsis_os.o
                0x08003e0c                osDelay
 *fill*         0x08003e1e        0x2 
 .text.osTimerCreate
                0x08003e20       0x44 build/cmsis_os.o
                0x08003e20                osTimerCreate
 .text.osMutexCreate
                0x08003e64       0x16 build/cmsis_os.o
                0x08003e64                osMutexCreate
 .text.osSemaphoreCreate
                0x08003e7a       0x4a build/cmsis_os.o
                0x08003e7a                osSemaphoreCreate
 .text.osMessageCreate
                0x08003ec4       0x28 build/cmsis_os.o
                0x08003ec4                osMessageCreate
 .text.prvHeapInit
                0x08003eec       0x64 build/heap_4.o
 .text.prvInsertBlockIntoFreeList
                0x08003f50       0x58 build/heap_4.o
 .text.pvPortMalloc
                0x08003fa8      0x128 build/heap_4.o
                0x08003fa8                pvPortMalloc
 .text.vPortFree
                0x080040d0       0x7c build/heap_4.o
                0x080040d0                vPortFree
 .text.xPortGetMinimumEverFreeHeapSize
                0x0800414c        0xc build/heap_4.o
                0x0800414c                xPortGetMinimumEverFreeHeapSize
 .text.prvTaskExitError
                0x08004158       0x40 build/port.o
 .text.prvPortStartFirstTask
                0x08004198       0x28 build/port.o
 .text.vPortEnableVFP
                0x080041c0       0x14 build/port.o
 .text.pxPortInitialiseStack
                0x080041d4       0x2c build/port.o
                0x080041d4                pxPortInitialiseStack
 .text.SVC_Handler
                0x08004200       0x24 build/port.o
                0x08004200                SVC_Handler
 .text.vPortEnterCritical
                0x08004224       0x44 build/port.o
                0x08004224                vPortEnterCritical
 .text.vPortExitCritical
                0x08004268       0x2c build/port.o
                0x08004268                vPortExitCritical
 *fill*         0x08004294        0xc 
 .text.PendSV_Handler
                0x080042a0       0x64 build/port.o
                0x080042a0                PendSV_Handler
 .text.xPortSysTickHandler
                0x08004304       0x2c build/port.o
                0x08004304                xPortSysTickHandler
 .text.vPortSetupTimerInterrupt
                0x08004330       0x38 build/port.o
                0x08004330                vPortSetupTimerInterrupt
 .text.xPortStartScheduler
                0x08004368      0x110 build/port.o
                0x08004368                xPortStartScheduler
 .text.vPortValidateInterruptPriority
                0x08004478       0x5c build/port.o
                0x08004478                vPortValidateInterruptPriority
 .text._sbrk    0x080044d4       0x48 build/sysmem.o
                0x080044d4                _sbrk
 .text.MX_USART1_UART_Init
                0x0800451c       0x3c build/usart.o
                0x0800451c                MX_USART1_UART_Init
 .text.HAL_UART_MspInit
                0x08004558       0x8c build/usart.o
                0x08004558                HAL_UART_MspInit
 .text.Reset_Handler
                0x080045e4       0x50 build/startup_stm32l431xx.o
                0x080045e4                Reset_Handler
 .text.Default_Handler
                0x08004634        0x2 build/startup_stm32l431xx.o
                0x08004634                RTC_Alarm_IRQHandler
                0x08004634                EXTI2_IRQHandler
                0x08004634                TIM1_CC_IRQHandler
                0x08004634                TSC_IRQHandler
                0x08004634                TAMP_STAMP_IRQHandler
                0x08004634                EXTI3_IRQHandler
                0x08004634                LPTIM2_IRQHandler
                0x08004634                I2C3_ER_IRQHandler
                0x08004634                EXTI0_IRQHandler
                0x08004634                I2C2_EV_IRQHandler
                0x08004634                CAN1_RX0_IRQHandler
                0x08004634                FPU_IRQHandler
                0x08004634                SPI1_IRQHandler
                0x08004634                TIM6_DAC_IRQHandler
                0x08004634                DMA2_Channel2_IRQHandler
                0x08004634                DMA1_Channel4_IRQHandler
                0x08004634                ADC1_IRQHandler
                0x08004634                USART3_IRQHandler
                0x08004634                DMA1_Channel7_IRQHandler
                0x08004634                CAN1_RX1_IRQHandler
                0x08004634                DMA2_Channel1_IRQHandler
                0x08004634                QUADSPI_IRQHandler
                0x08004634                I2C1_EV_IRQHandler
                0x08004634                DMA1_Channel6_IRQHandler
                0x08004634                DMA2_Channel4_IRQHandler
                0x08004634                RCC_IRQHandler
                0x08004634                TIM1_TRG_COM_IRQHandler
                0x08004634                DMA1_Channel1_IRQHandler
                0x08004634                Default_Handler
                0x08004634                DMA2_Channel7_IRQHandler
                0x08004634                EXTI15_10_IRQHandler
                0x08004634                TIM7_IRQHandler
                0x08004634                SDMMC1_IRQHandler
                0x08004634                I2C3_EV_IRQHandler
                0x08004634                EXTI9_5_IRQHandler
                0x08004634                RTC_WKUP_IRQHandler
                0x08004634                PVD_PVM_IRQHandler
                0x08004634                SPI2_IRQHandler
                0x08004634                CAN1_TX_IRQHandler
                0x08004634                DMA2_Channel5_IRQHandler
                0x08004634                CRS_IRQHandler
                0x08004634                DMA1_Channel5_IRQHandler
                0x08004634                EXTI4_IRQHandler
                0x08004634                RNG_IRQHandler
                0x08004634                DMA1_Channel3_IRQHandler
                0x08004634                COMP_IRQHandler
                0x08004634                WWDG_IRQHandler
                0x08004634                LPUART1_IRQHandler
                0x08004634                DMA2_Channel6_IRQHandler
                0x08004634                TIM2_IRQHandler
                0x08004634                EXTI1_IRQHandler
                0x08004634                USART2_IRQHandler
                0x08004634                I2C2_ER_IRQHandler
                0x08004634                DMA1_Channel2_IRQHandler
                0x08004634                CAN1_SCE_IRQHandler
                0x08004634                FLASH_IRQHandler
                0x08004634                USART1_IRQHandler
                0x08004634                SPI3_IRQHandler
                0x08004634                I2C1_ER_IRQHandler
                0x08004634                SWPMI1_IRQHandler
                0x08004634                LPTIM1_IRQHandler
                0x08004634                SAI1_IRQHandler
                0x08004634                DMA2_Channel3_IRQHandler
                0x08004634                TIM1_BRK_TIM15_IRQHandler
 *fill*         0x08004636        0x2 
 .text.__errno  0x08004638        0xc c:/program files (x86)/gnu tools arm embedded/7 2018-q2-update/bin/../lib/gcc/arm-none-eabi/7.3.1/../../../../arm-none-eabi/lib/thumb/v7e-m/fpv4-sp/hard\libc_nano.a(lib_a-errno.o)
                0x08004638                __errno
 .text.__libc_init_array
                0x08004644       0x48 c:/program files (x86)/gnu tools arm embedded/7 2018-q2-update/bin/../lib/gcc/arm-none-eabi/7.3.1/../../../../arm-none-eabi/lib/thumb/v7e-m/fpv4-sp/hard\libc_nano.a(lib_a-init.o)
                0x08004644                __libc_init_array
 .text.memcpy   0x0800468c       0x16 c:/program files (x86)/gnu tools arm embedded/7 2018-q2-update/bin/../lib/gcc/arm-none-eabi/7.3.1/../../../../arm-none-eabi/lib/thumb/v7e-m/fpv4-sp/hard\libc_nano.a(lib_a-memcpy-stub.o)
                0x0800468c                memcpy
 .text.memset   0x080046a2       0x10 c:/program files (x86)/gnu tools arm embedded/7 2018-q2-update/bin/../lib/gcc/arm-none-eabi/7.3.1/../../../../arm-none-eabi/lib/thumb/v7e-m/fpv4-sp/hard\libc_nano.a(lib_a-memset.o)
                0x080046a2                memset
 *fill*         0x080046b2        0x2 
 .text.sprintf  0x080046b4       0x40 c:/program files (x86)/gnu tools arm embedded/7 2018-q2-update/bin/../lib/gcc/arm-none-eabi/7.3.1/../../../../arm-none-eabi/lib/thumb/v7e-m/fpv4-sp/hard\libc_nano.a(lib_a-sprintf.o)
                0x080046b4                siprintf
                0x080046b4                sprintf
 .text.__ssputs_r
                0x080046f4       0xb4 c:/program files (x86)/gnu tools arm embedded/7 2018-q2-update/bin/../lib/gcc/arm-none-eabi/7.3.1/../../../../arm-none-eabi/lib/thumb/v7e-m/fpv4-sp/hard\libc_nano.a(lib_a-nano-svfprintf.o)
                0x080046f4                __ssputs_r
 .text._svfprintf_r
                0x080047a8      0x1f0 c:/program files (x86)/gnu tools arm embedded/7 2018-q2-update/bin/../lib/gcc/arm-none-eabi/7.3.1/../../../../arm-none-eabi/lib/thumb/v7e-m/fpv4-sp/hard\libc_nano.a(lib_a-nano-svfprintf.o)
                0x080047a8                _svfiprintf_r
                0x080047a8                _svfprintf_r
 .text._printf_common
                0x08004998       0xea c:/program files (x86)/gnu tools arm embedded/7 2018-q2-update/bin/../lib/gcc/arm-none-eabi/7.3.1/../../../../arm-none-eabi/lib/thumb/v7e-m/fpv4-sp/hard\libc_nano.a(lib_a-nano-vfprintf_i.o)
                0x08004998                _printf_common
 *fill*         0x08004a82        0x2 
 .text._printf_i
                0x08004a84      0x224 c:/program files (x86)/gnu tools arm embedded/7 2018-q2-update/bin/../lib/gcc/arm-none-eabi/7.3.1/../../../../arm-none-eabi/lib/thumb/v7e-m/fpv4-sp/hard\libc_nano.a(lib_a-nano-vfprintf_i.o)
                0x08004a84                _printf_i
 .text.memmove  0x08004ca8       0x32 c:/program files (x86)/gnu tools arm embedded/7 2018-q2-update/bin/../lib/gcc/arm-none-eabi/7.3.1/../../../../arm-none-eabi/lib/thumb/v7e-m/fpv4-sp/hard\libc_nano.a(lib_a-memmove.o)
                0x08004ca8                memmove
 *fill*         0x08004cda        0x2 
 .text._free_r  0x08004cdc       0x9c c:/program files (x86)/gnu tools arm embedded/7 2018-q2-update/bin/../lib/gcc/arm-none-eabi/7.3.1/../../../../arm-none-eabi/lib/thumb/v7e-m/fpv4-sp/hard\libc_nano.a(lib_a-nano-freer.o)
                0x08004cdc                _free_r
 .text._malloc_r
                0x08004d78       0xb4 c:/program files (x86)/gnu tools arm embedded/7 2018-q2-update/bin/../lib/gcc/arm-none-eabi/7.3.1/../../../../arm-none-eabi/lib/thumb/v7e-m/fpv4-sp/hard\libc_nano.a(lib_a-nano-mallocr.o)
                0x08004d78                _malloc_r
 .text._realloc_r
                0x08004e2c       0x4c c:/program files (x86)/gnu tools arm embedded/7 2018-q2-update/bin/../lib/gcc/arm-none-eabi/7.3.1/../../../../arm-none-eabi/lib/thumb/v7e-m/fpv4-sp/hard\libc_nano.a(lib_a-nano-reallocr.o)
                0x08004e2c                _realloc_r
 .text._sbrk_r  0x08004e78       0x20 c:/program files (x86)/gnu tools arm embedded/7 2018-q2-update/bin/../lib/gcc/arm-none-eabi/7.3.1/../../../../arm-none-eabi/lib/thumb/v7e-m/fpv4-sp/hard\libc_nano.a(lib_a-sbrkr.o)
                0x08004e78                _sbrk_r
 .text.__malloc_lock
                0x08004e98        0x2 c:/program files (x86)/gnu tools arm embedded/7 2018-q2-update/bin/../lib/gcc/arm-none-eabi/7.3.1/../../../../arm-none-eabi/lib/thumb/v7e-m/fpv4-sp/hard\libc_nano.a(lib_a-mlock.o)
                0x08004e98                __malloc_lock
 .text.__malloc_unlock
                0x08004e9a        0x2 c:/program files (x86)/gnu tools arm embedded/7 2018-q2-update/bin/../lib/gcc/arm-none-eabi/7.3.1/../../../../arm-none-eabi/lib/thumb/v7e-m/fpv4-sp/hard\libc_nano.a(lib_a-mlock.o)
                0x08004e9a                __malloc_unlock
 .text._malloc_usable_size_r
                0x08004e9c       0x10 c:/program files (x86)/gnu tools arm embedded/7 2018-q2-update/bin/../lib/gcc/arm-none-eabi/7.3.1/../../../../arm-none-eabi/lib/thumb/v7e-m/fpv4-sp/hard\libc_nano.a(lib_a-nano-msizer.o)
                0x08004e9c                _malloc_usable_size_r
 *(.glue_7)
 .glue_7        0x08004eac        0x0 linker stubs
 *(.glue_7t)
 .glue_7t       0x08004eac        0x0 linker stubs
 *(.eh_frame)
 .eh_frame      0x08004eac        0x0 c:/program files (x86)/gnu tools arm embedded/7 2018-q2-update/bin/../lib/gcc/arm-none-eabi/7.3.1/thumb/v7e-m/fpv4-sp/hard/crtbegin.o
 *(.init)
 .init          0x08004eac        0x4 c:/program files (x86)/gnu tools arm embedded/7 2018-q2-update/bin/../lib/gcc/arm-none-eabi/7.3.1/thumb/v7e-m/fpv4-sp/hard/crti.o
                0x08004eac                _init
 .init          0x08004eb0        0x8 c:/program files (x86)/gnu tools arm embedded/7 2018-q2-update/bin/../lib/gcc/arm-none-eabi/7.3.1/thumb/v7e-m/fpv4-sp/hard/crtn.o
 *(.fini)
 .fini          0x08004eb8        0x4 c:/program files (x86)/gnu tools arm embedded/7 2018-q2-update/bin/../lib/gcc/arm-none-eabi/7.3.1/thumb/v7e-m/fpv4-sp/hard/crti.o
                0x08004eb8                _fini
 .fini          0x08004ebc        0x8 c:/program files (x86)/gnu tools arm embedded/7 2018-q2-update/bin/../lib/gcc/arm-none-eabi/7.3.1/thumb/v7e-m/fpv4-sp/hard/crtn.o
                0x08004ec8                . = ALIGN (0x8)
 *fill*         0x08004ec4        0x4 
                0x08004ec8                _etext = .

.vfp11_veneer   0x08004ec8        0x0
 .vfp11_veneer  0x08004ec8        0x0 linker stubs

.v4_bx          0x08004ec8        0x0
 .v4_bx         0x08004ec8        0x0 linker stubs

.iplt           0x08004ec8        0x0
 .iplt          0x08004ec8        0x0 c:/program files (x86)/gnu tools arm embedded/7 2018-q2-update/bin/../lib/gcc/arm-none-eabi/7.3.1/thumb/v7e-m/fpv4-sp/hard/crtbegin.o

.rodata         0x08004ec8      0x140
                0x08004ec8                . = ALIGN (0x8)
 *(.rodata)
 .rodata        0x08004ec8       0x64 build/main.o
 *(.rodata*)
 .rodata.StartDefaultTask.str1.4
                0x08004f2c       0x24 build/main.o
 .rodata.str1.4
                0x08004f50       0x24 build/main.o
 .rodata.AHBPrescTable
                0x08004f74       0x10 build/system_stm32l4xx.o
                0x08004f74                AHBPrescTable
 .rodata.APBPrescTable
                0x08004f84        0x8 build/system_stm32l4xx.o
                0x08004f84                APBPrescTable
 .rodata.MSIRangeTable
                0x08004f8c       0x30 build/system_stm32l4xx.o
                0x08004f8c                MSIRangeTable
 .rodata.vTaskStartScheduler.str1.4
                0x08004fbc        0x5 build/tasks.o
 *fill*         0x08004fc1        0x3 
 .rodata.prvCheckForValidListAndQueue.str1.4
                0x08004fc4        0x5 build/timers.o
 *fill*         0x08004fc9        0x3 
 .rodata.xTimerCreateTimerTask.str1.4
                0x08004fcc        0x8 build/timers.o
 .rodata.osTimerCreate.str1.4
                0x08004fd4        0x8 build/cmsis_os.o
                                  0x1 (size before relaxing)
 .rodata._svfprintf_r.str1.1
                0x08004fd4       0x11 c:/program files (x86)/gnu tools arm embedded/7 2018-q2-update/bin/../lib/gcc/arm-none-eabi/7.3.1/../../../../arm-none-eabi/lib/thumb/v7e-m/fpv4-sp/hard\libc_nano.a(lib_a-nano-svfprintf.o)
 .rodata._printf_i.str1.1
                0x08004fe5       0x22 c:/program files (x86)/gnu tools arm embedded/7 2018-q2-update/bin/../lib/gcc/arm-none-eabi/7.3.1/../../../../arm-none-eabi/lib/thumb/v7e-m/fpv4-sp/hard\libc_nano.a(lib_a-nano-vfprintf_i.o)
                0x08005008                . = ALIGN (0x8)
 *fill*         0x08005007        0x1 

.ARM.extab      0x08005008        0x0
                0x08005008                . = ALIGN (0x8)
 *(.ARM.extab* .gnu.linkonce.armextab.*)
                0x08005008                . = ALIGN (0x8)

.ARM            0x08005008        0x8
                0x08005008                . = ALIGN (0x8)
                0x08005008                __exidx_start = .
 *(.ARM.exidx*)
 .ARM.exidx     0x08005008        0x8 c:/program files (x86)/gnu tools arm embedded/7 2018-q2-update/bin/../lib/gcc/arm-none-eabi/7.3.1/thumb/v7e-m/fpv4-sp/hard\libgcc.a(_udivmoddi4.o)
                0x08005010                __exidx_end = .
                0x08005010                . = ALIGN (0x8)

.rel.dyn        0x08005010        0x0
 .rel.iplt      0x08005010        0x0 c:/program files (x86)/gnu tools arm embedded/7 2018-q2-update/bin/../lib/gcc/arm-none-eabi/7.3.1/thumb/v7e-m/fpv4-sp/hard/crtbegin.o

.preinit_array  0x08005010        0x0
                0x08005010                . = ALIGN (0x8)
                0x08005010                PROVIDE (__preinit_array_start = .)
 *(.preinit_array*)
                0x08005010                PROVIDE (__preinit_array_end = .)
                0x08005010                . = ALIGN (0x8)

.init_array     0x08005010        0x8
                0x08005010                . = ALIGN (0x8)
                0x08005010                PROVIDE (__init_array_start = .)
 *(SORT_BY_NAME(.init_array.*))
 *(.init_array*)
 .init_array    0x08005010        0x4 c:/program files (x86)/gnu tools arm embedded/7 2018-q2-update/bin/../lib/gcc/arm-none-eabi/7.3.1/thumb/v7e-m/fpv4-sp/hard/crtbegin.o
                0x08005014                PROVIDE (__init_array_end = .)
                0x08005018                . = ALIGN (0x8)
 *fill*         0x08005014        0x4 

.fini_array     0x08005018        0x8
                0x08005018                . = ALIGN (0x8)
                [!provide]                PROVIDE (__fini_array_start = .)
 *(SORT_BY_NAME(.fini_array.*))
 *(.fini_array*)
 .fini_array    0x08005018        0x4 c:/program files (x86)/gnu tools arm embedded/7 2018-q2-update/bin/../lib/gcc/arm-none-eabi/7.3.1/thumb/v7e-m/fpv4-sp/hard/crtbegin.o
                [!provide]                PROVIDE (__fini_array_end = .)
                0x08005020                . = ALIGN (0x8)
 *fill*         0x0800501c        0x4 
                0x08005020                _sidata = LOADADDR (.data)

.data           0x20000000       0x78 load address 0x08005020
                0x20000000                . = ALIGN (0x8)
                0x20000000                _sdata = .
 *(.data)
 *(.data*)
 .data.uwTickFreq
                0x20000000        0x1 build/stm32l4xx_hal.o
                0x20000000                uwTickFreq
 *fill*         0x20000001        0x3 
 .data.uwTickPrio
                0x20000004        0x4 build/stm32l4xx_hal.o
                0x20000004                uwTickPrio
 .data.SystemCoreClock
                0x20000008        0x4 build/system_stm32l4xx.o
                0x20000008                SystemCoreClock
 .data.uxCriticalNesting
                0x2000000c        0x4 build/port.o
 .data._impure_ptr
                0x20000010        0x4 c:/program files (x86)/gnu tools arm embedded/7 2018-q2-update/bin/../lib/gcc/arm-none-eabi/7.3.1/../../../../arm-none-eabi/lib/thumb/v7e-m/fpv4-sp/hard\libc_nano.a(lib_a-impure.o)
                0x20000010                _impure_ptr
 .data.impure_data
                0x20000014       0x60 c:/program files (x86)/gnu tools arm embedded/7 2018-q2-update/bin/../lib/gcc/arm-none-eabi/7.3.1/../../../../arm-none-eabi/lib/thumb/v7e-m/fpv4-sp/hard\libc_nano.a(lib_a-impure.o)
                0x20000078                . = ALIGN (0x8)
 *fill*         0x20000074        0x4 
                0x20000078                _edata = .

.igot.plt       0x20000078        0x0 load address 0x08005098
 .igot.plt      0x20000078        0x0 c:/program files (x86)/gnu tools arm embedded/7 2018-q2-update/bin/../lib/gcc/arm-none-eabi/7.3.1/thumb/v7e-m/fpv4-sp/hard/crtbegin.o
                0x20000078                . = ALIGN (0x4)

.bss            0x20000078     0x1c10 load address 0x08005098
                0x20000078                _sbss = .
                0x20000078                __bss_start__ = _sbss
 *(.bss)
 .bss           0x20000078       0x1c c:/program files (x86)/gnu tools arm embedded/7 2018-q2-update/bin/../lib/gcc/arm-none-eabi/7.3.1/thumb/v7e-m/fpv4-sp/hard/crtbegin.o
 *(.bss*)
 .bss.xIdleStack
                0x20000094      0x200 build/freertos.o
 .bss.xIdleTaskTCBBuffer
                0x20000294       0x6c build/freertos.o
 .bss.xTimerStack
                0x20000300      0x400 build/freertos.o
 .bss.xTimerTaskTCBBuffer
                0x20000700       0x6c build/freertos.o
 .bss.FreeRTOS_errno
                0x2000076c        0x4 build/tasks.o
                0x2000076c                FreeRTOS_errno
 .bss.pxCurrentTCB
                0x20000770        0x4 build/tasks.o
                0x20000770                pxCurrentTCB
 .bss.pxDelayedTaskList
                0x20000774        0x4 build/tasks.o
 .bss.pxOverflowDelayedTaskList
                0x20000778        0x4 build/tasks.o
 .bss.pxReadyTasksLists
                0x2000077c       0x8c build/tasks.o
 .bss.ulTaskSwitchedInTime
                0x20000808        0x4 build/tasks.o
 .bss.uxCurrentNumberOfTasks
                0x2000080c        0x4 build/tasks.o
 .bss.uxDeletedTasksWaitingCleanUp
                0x20000810        0x4 build/tasks.o
 .bss.uxSchedulerSuspended
                0x20000814        0x4 build/tasks.o
 .bss.uxTaskNumber
                0x20000818        0x4 build/tasks.o
 .bss.uxTopReadyPriority
                0x2000081c        0x4 build/tasks.o
 .bss.xDelayedTaskList1
                0x20000820       0x14 build/tasks.o
 .bss.xDelayedTaskList2
                0x20000834       0x14 build/tasks.o
 .bss.xNextTaskUnblockTime
                0x20000848        0x4 build/tasks.o
 .bss.xNumOfOverflows
                0x2000084c        0x4 build/tasks.o
 .bss.xPendedTicks
                0x20000850        0x4 build/tasks.o
 .bss.xPendingReadyList
                0x20000854       0x14 build/tasks.o
 .bss.xSchedulerRunning
                0x20000868        0x4 build/tasks.o
 .bss.xSuspendedTaskList
                0x2000086c       0x14 build/tasks.o
 .bss.xTasksWaitingTermination
                0x20000880       0x14 build/tasks.o
 .bss.xTickCount
                0x20000894        0x4 build/tasks.o
 .bss.xYieldPending
                0x20000898        0x4 build/tasks.o
 .bss.pxCurrentTimerList
                0x2000089c        0x4 build/timers.o
 .bss.pxOverflowTimerList
                0x200008a0        0x4 build/timers.o
 .bss.ucStaticTimerQueueStorage.6847
                0x200008a4       0x78 build/timers.o
 .bss.xActiveTimerList1
                0x2000091c       0x14 build/timers.o
 .bss.xActiveTimerList2
                0x20000930       0x14 build/timers.o
 .bss.xLastTime.6798
                0x20000944        0x4 build/timers.o
 .bss.xStaticTimerQueue.6846
                0x20000948       0x50 build/timers.o
 .bss.xTimerQueue
                0x20000998        0x4 build/timers.o
 .bss.xTimerTaskHandle
                0x2000099c        0x4 build/timers.o
 .bss.pxEnd     0x200009a0        0x4 build/heap_4.o
 .bss.ucHeap    0x200009a4      0xfa0 build/heap_4.o
 .bss.xBlockAllocatedBit
                0x20001944        0x4 build/heap_4.o
 .bss.xFreeBytesRemaining
                0x20001948        0x4 build/heap_4.o
 .bss.xMinimumEverFreeBytesRemaining
                0x2000194c        0x4 build/heap_4.o
 .bss.xNumberOfSuccessfulAllocations
                0x20001950        0x4 build/heap_4.o
 .bss.xNumberOfSuccessfulFrees
                0x20001954        0x4 build/heap_4.o
 .bss.xStart    0x20001958        0x8 build/heap_4.o
 .bss.ucMaxSysCallPriority
                0x20001960        0x1 build/port.o
 *fill*         0x20001961        0x3 
 .bss.ulMaxPRIGROUPValue
                0x20001964        0x4 build/port.o
 .bss.__sbrk_heap_end
                0x20001968        0x4 build/sysmem.o
 .bss.__malloc_free_list
                0x2000196c        0x4 c:/program files (x86)/gnu tools arm embedded/7 2018-q2-update/bin/../lib/gcc/arm-none-eabi/7.3.1/../../../../arm-none-eabi/lib/thumb/v7e-m/fpv4-sp/hard\libc_nano.a(lib_a-nano-mallocr.o)
                0x2000196c                __malloc_free_list
 .bss.__malloc_sbrk_start
                0x20001970        0x4 c:/program files (x86)/gnu tools arm embedded/7 2018-q2-update/bin/../lib/gcc/arm-none-eabi/7.3.1/../../../../arm-none-eabi/lib/thumb/v7e-m/fpv4-sp/hard\libc_nano.a(lib_a-nano-mallocr.o)
                0x20001970                __malloc_sbrk_start
 *(COMMON)
 COMMON         0x20001974      0x240 build/main.o
                0x20001974                defaultTaskHandle
                0x20001978                TaskStatusArray_
                0x20001b28                myTask02Handle
                0x20001b2c                myTimer01Handle
                0x20001b30                myBinarySem01Handle
                0x20001b34                myTask03Handle
                0x20001b38                myQueue01Handle
                0x20001b3c                system_stats_
                0x20001b64                htim16
                0x20001bb0                myMutex01Handle
 COMMON         0x20001bb4        0x4 build/stm32l4xx_hal_msp.o
                0x20001bb4                FreeRTOSRunTimeTicks
 COMMON         0x20001bb8        0x4 build/stm32l4xx_hal.o
                0x20001bb8                uwTick
 COMMON         0x20001bbc       0x40 build/queue.o
                0x20001bbc                xQueueRegistry
 COMMON         0x20001bfc       0x88 build/usart.o
                0x20001bfc                huart1
 COMMON         0x20001c84        0x4 c:/program files (x86)/gnu tools arm embedded/7 2018-q2-update/bin/../lib/gcc/arm-none-eabi/7.3.1/../../../../arm-none-eabi/lib/thumb/v7e-m/fpv4-sp/hard\libc_nano.a(lib_a-reent.o)
                0x20001c84                errno
                0x20001c88                . = ALIGN (0x4)
                0x20001c88                _ebss = .
                0x20001c88                __bss_end__ = _ebss

._user_heap_stack
                0x20001c88      0x600 load address 0x08005098
                0x20001c88                . = ALIGN (0x8)
                [!provide]                PROVIDE (end = .)
                0x20001c88                PROVIDE (_end = .)
                0x20001e88                . = (. + _Min_Heap_Size)
 *fill*         0x20001c88      0x200 
                0x20002288                . = (. + _Min_Stack_Size)
 *fill*         0x20001e88      0x400 
                0x20002288                . = ALIGN (0x8)

/DISCARD/
 libc.a(*)
 libm.a(*)
 libgcc.a(*)

.ARM.attributes
                0x00000000       0x30
 *(.ARM.attributes)
 .ARM.attributes
                0x00000000       0x22 c:/program files (x86)/gnu tools arm embedded/7 2018-q2-update/bin/../lib/gcc/arm-none-eabi/7.3.1/thumb/v7e-m/fpv4-sp/hard/crti.o
 .ARM.attributes
                0x00000022       0x34 c:/program files (x86)/gnu tools arm embedded/7 2018-q2-update/bin/../lib/gcc/arm-none-eabi/7.3.1/thumb/v7e-m/fpv4-sp/hard/crtbegin.o
 .ARM.attributes
                0x00000056       0x39 build/main.o
 .ARM.attributes
                0x0000008f       0x39 build/freertos.o
 .ARM.attributes
                0x000000c8       0x39 build/stm32l4xx_it.o
 .ARM.attributes
                0x00000101       0x39 build/stm32l4xx_hal_msp.o
 .ARM.attributes
                0x0000013a       0x39 build/stm32l4xx_hal.o
 .ARM.attributes
                0x00000173       0x39 build/stm32l4xx_hal_rcc.o
 .ARM.attributes
                0x000001ac       0x39 build/stm32l4xx_hal_rcc_ex.o
 .ARM.attributes
                0x000001e5       0x39 build/stm32l4xx_hal_gpio.o
 .ARM.attributes
                0x0000021e       0x39 build/stm32l4xx_hal_pwr_ex.o
 .ARM.attributes
                0x00000257       0x39 build/stm32l4xx_hal_cortex.o
 .ARM.attributes
                0x00000290       0x39 build/stm32l4xx_hal_tim.o
 .ARM.attributes
                0x000002c9       0x39 build/stm32l4xx_hal_tim_ex.o
 .ARM.attributes
                0x00000302       0x39 build/stm32l4xx_hal_uart.o
 .ARM.attributes
                0x0000033b       0x39 build/stm32l4xx_hal_uart_ex.o
 .ARM.attributes
                0x00000374       0x39 build/system_stm32l4xx.o
 .ARM.attributes
                0x000003ad       0x39 build/list.o
 .ARM.attributes
                0x000003e6       0x39 build/queue.o
 .ARM.attributes
                0x0000041f       0x39 build/tasks.o
 .ARM.attributes
                0x00000458       0x39 build/timers.o
 .ARM.attributes
                0x00000491       0x39 build/cmsis_os.o
 .ARM.attributes
                0x000004ca       0x39 build/heap_4.o
 .ARM.attributes
                0x00000503       0x39 build/port.o
 .ARM.attributes
                0x0000053c       0x39 build/sysmem.o
 .ARM.attributes
                0x00000575       0x39 build/usart.o
 .ARM.attributes
                0x000005ae       0x21 build/startup_stm32l431xx.o
 .ARM.attributes
                0x000005cf       0x34 c:/program files (x86)/gnu tools arm embedded/7 2018-q2-update/bin/../lib/gcc/arm-none-eabi/7.3.1/../../../../arm-none-eabi/lib/thumb/v7e-m/fpv4-sp/hard\libc_nano.a(lib_a-errno.o)
 .ARM.attributes
                0x00000603       0x34 c:/program files (x86)/gnu tools arm embedded/7 2018-q2-update/bin/../lib/gcc/arm-none-eabi/7.3.1/../../../../arm-none-eabi/lib/thumb/v7e-m/fpv4-sp/hard\libc_nano.a(lib_a-impure.o)
 .ARM.attributes
                0x00000637       0x34 c:/program files (x86)/gnu tools arm embedded/7 2018-q2-update/bin/../lib/gcc/arm-none-eabi/7.3.1/../../../../arm-none-eabi/lib/thumb/v7e-m/fpv4-sp/hard\libc_nano.a(lib_a-init.o)
 .ARM.attributes
                0x0000066b       0x34 c:/program files (x86)/gnu tools arm embedded/7 2018-q2-update/bin/../lib/gcc/arm-none-eabi/7.3.1/../../../../arm-none-eabi/lib/thumb/v7e-m/fpv4-sp/hard\libc_nano.a(lib_a-memcpy-stub.o)
 .ARM.attributes
                0x0000069f       0x34 c:/program files (x86)/gnu tools arm embedded/7 2018-q2-update/bin/../lib/gcc/arm-none-eabi/7.3.1/../../../../arm-none-eabi/lib/thumb/v7e-m/fpv4-sp/hard\libc_nano.a(lib_a-memset.o)
 .ARM.attributes
                0x000006d3       0x34 c:/program files (x86)/gnu tools arm embedded/7 2018-q2-update/bin/../lib/gcc/arm-none-eabi/7.3.1/../../../../arm-none-eabi/lib/thumb/v7e-m/fpv4-sp/hard\libc_nano.a(lib_a-sprintf.o)
 .ARM.attributes
                0x00000707       0x1b c:/program files (x86)/gnu tools arm embedded/7 2018-q2-update/bin/../lib/gcc/arm-none-eabi/7.3.1/../../../../arm-none-eabi/lib/thumb/v7e-m/fpv4-sp/hard\libc_nano.a(lib_a-strlen.o)
 .ARM.attributes
                0x00000722       0x34 c:/program files (x86)/gnu tools arm embedded/7 2018-q2-update/bin/../lib/gcc/arm-none-eabi/7.3.1/../../../../arm-none-eabi/lib/thumb/v7e-m/fpv4-sp/hard\libc_nano.a(lib_a-nano-svfprintf.o)
 .ARM.attributes
                0x00000756       0x34 c:/program files (x86)/gnu tools arm embedded/7 2018-q2-update/bin/../lib/gcc/arm-none-eabi/7.3.1/../../../../arm-none-eabi/lib/thumb/v7e-m/fpv4-sp/hard\libc_nano.a(lib_a-nano-vfprintf_i.o)
 .ARM.attributes
                0x0000078a       0x20 c:/program files (x86)/gnu tools arm embedded/7 2018-q2-update/bin/../lib/gcc/arm-none-eabi/7.3.1/../../../../arm-none-eabi/lib/thumb/v7e-m/fpv4-sp/hard\libc_nano.a(lib_a-memchr.o)
 .ARM.attributes
                0x000007aa       0x34 c:/program files (x86)/gnu tools arm embedded/7 2018-q2-update/bin/../lib/gcc/arm-none-eabi/7.3.1/../../../../arm-none-eabi/lib/thumb/v7e-m/fpv4-sp/hard\libc_nano.a(lib_a-memmove.o)
 .ARM.attributes
                0x000007de       0x34 c:/program files (x86)/gnu tools arm embedded/7 2018-q2-update/bin/../lib/gcc/arm-none-eabi/7.3.1/../../../../arm-none-eabi/lib/thumb/v7e-m/fpv4-sp/hard\libc_nano.a(lib_a-nano-freer.o)
 .ARM.attributes
                0x00000812       0x34 c:/program files (x86)/gnu tools arm embedded/7 2018-q2-update/bin/../lib/gcc/arm-none-eabi/7.3.1/../../../../arm-none-eabi/lib/thumb/v7e-m/fpv4-sp/hard\libc_nano.a(lib_a-nano-mallocr.o)
 .ARM.attributes
                0x00000846       0x34 c:/program files (x86)/gnu tools arm embedded/7 2018-q2-update/bin/../lib/gcc/arm-none-eabi/7.3.1/../../../../arm-none-eabi/lib/thumb/v7e-m/fpv4-sp/hard\libc_nano.a(lib_a-nano-reallocr.o)
 .ARM.attributes
                0x0000087a       0x34 c:/program files (x86)/gnu tools arm embedded/7 2018-q2-update/bin/../lib/gcc/arm-none-eabi/7.3.1/../../../../arm-none-eabi/lib/thumb/v7e-m/fpv4-sp/hard\libc_nano.a(lib_a-sbrkr.o)
 .ARM.attributes
                0x000008ae       0x34 c:/program files (x86)/gnu tools arm embedded/7 2018-q2-update/bin/../lib/gcc/arm-none-eabi/7.3.1/../../../../arm-none-eabi/lib/thumb/v7e-m/fpv4-sp/hard\libc_nano.a(lib_a-mlock.o)
 .ARM.attributes
                0x000008e2       0x34 c:/program files (x86)/gnu tools arm embedded/7 2018-q2-update/bin/../lib/gcc/arm-none-eabi/7.3.1/../../../../arm-none-eabi/lib/thumb/v7e-m/fpv4-sp/hard\libc_nano.a(lib_a-nano-msizer.o)
 .ARM.attributes
                0x00000916       0x34 c:/program files (x86)/gnu tools arm embedded/7 2018-q2-update/bin/../lib/gcc/arm-none-eabi/7.3.1/../../../../arm-none-eabi/lib/thumb/v7e-m/fpv4-sp/hard\libc_nano.a(lib_a-reent.o)
 .ARM.attributes
                0x0000094a       0x22 c:/program files (x86)/gnu tools arm embedded/7 2018-q2-update/bin/../lib/gcc/arm-none-eabi/7.3.1/thumb/v7e-m/fpv4-sp/hard\libgcc.a(_aeabi_uldivmod.o)
 .ARM.attributes
                0x0000096c       0x34 c:/program files (x86)/gnu tools arm embedded/7 2018-q2-update/bin/../lib/gcc/arm-none-eabi/7.3.1/thumb/v7e-m/fpv4-sp/hard\libgcc.a(_udivmoddi4.o)
 .ARM.attributes
                0x000009a0       0x22 c:/program files (x86)/gnu tools arm embedded/7 2018-q2-update/bin/../lib/gcc/arm-none-eabi/7.3.1/thumb/v7e-m/fpv4-sp/hard\libgcc.a(_dvmd_tls.o)
 .ARM.attributes
                0x000009c2       0x22 c:/program files (x86)/gnu tools arm embedded/7 2018-q2-update/bin/../lib/gcc/arm-none-eabi/7.3.1/thumb/v7e-m/fpv4-sp/hard/crtn.o
OUTPUT(build/stm32l431_freertos.elf elf32-littlearm)

.debug_info     0x00000000    0x24c09
 .debug_info    0x00000000     0x2064 build/main.o
 .debug_info    0x00002064      0x6d0 build/freertos.o
 .debug_info    0x00002734      0xab2 build/stm32l4xx_it.o
 .debug_info    0x000031e6      0xee1 build/stm32l4xx_hal_msp.o
 .debug_info    0x000040c7      0xdbd build/stm32l4xx_hal.o
 .debug_info    0x00004e84     0x10c3 build/stm32l4xx_hal_rcc.o
 .debug_info    0x00005f47     0x1468 build/stm32l4xx_hal_rcc_ex.o
 .debug_info    0x000073af      0xaac build/stm32l4xx_hal_gpio.o
 .debug_info    0x00007e5b      0xbfd build/stm32l4xx_hal_pwr_ex.o
 .debug_info    0x00008a58     0x1165 build/stm32l4xx_hal_cortex.o
 .debug_info    0x00009bbd     0x3d01 build/stm32l4xx_hal_tim.o
 .debug_info    0x0000d8be     0x1d49 build/stm32l4xx_hal_tim_ex.o
 .debug_info    0x0000f607     0x4aa5 build/stm32l4xx_hal_uart.o
 .debug_info    0x000140ac     0x11a9 build/stm32l4xx_hal_uart_ex.o
 .debug_info    0x00015255      0x7c3 build/system_stm32l4xx.o
 .debug_info    0x00015a18      0xbe7 build/list.o
 .debug_info    0x000165ff     0x2bea build/queue.o
 .debug_info    0x000191e9     0x3cf9 build/tasks.o
 .debug_info    0x0001cee2     0x20f5 build/timers.o
 .debug_info    0x0001efd7     0x2c38 build/cmsis_os.o
 .debug_info    0x00021c0f      0xf24 build/heap_4.o
 .debug_info    0x00022b33      0x5ac build/port.o
 .debug_info    0x000230df      0xa96 build/sysmem.o
 .debug_info    0x00023b75     0x1072 build/usart.o
 .debug_info    0x00024be7       0x22 build/startup_stm32l431xx.o

.debug_abbrev   0x00000000     0x3d96
 .debug_abbrev  0x00000000      0x34d build/main.o
 .debug_abbrev  0x0000034d      0x15f build/freertos.o
 .debug_abbrev  0x000004ac      0x18a build/stm32l4xx_it.o
 .debug_abbrev  0x00000636      0x1ee build/stm32l4xx_hal_msp.o
 .debug_abbrev  0x00000824      0x223 build/stm32l4xx_hal.o
 .debug_abbrev  0x00000a47      0x255 build/stm32l4xx_hal_rcc.o
 .debug_abbrev  0x00000c9c      0x280 build/stm32l4xx_hal_rcc_ex.o
 .debug_abbrev  0x00000f1c      0x213 build/stm32l4xx_hal_gpio.o
 .debug_abbrev  0x0000112f      0x20f build/stm32l4xx_hal_pwr_ex.o
 .debug_abbrev  0x0000133e      0x33d build/stm32l4xx_hal_cortex.o
 .debug_abbrev  0x0000167b      0x283 build/stm32l4xx_hal_tim.o
 .debug_abbrev  0x000018fe      0x28b build/stm32l4xx_hal_tim_ex.o
 .debug_abbrev  0x00001b89      0x31b build/stm32l4xx_hal_uart.o
 .debug_abbrev  0x00001ea4      0x2cb build/stm32l4xx_hal_uart_ex.o
 .debug_abbrev  0x0000216f      0x146 build/system_stm32l4xx.o
 .debug_abbrev  0x000022b5      0x21e build/list.o
 .debug_abbrev  0x000024d3      0x3e3 build/queue.o
 .debug_abbrev  0x000028b6      0x41d build/tasks.o
 .debug_abbrev  0x00002cd3      0x36e build/timers.o
 .debug_abbrev  0x00003041      0x3e2 build/cmsis_os.o
 .debug_abbrev  0x00003423      0x340 build/heap_4.o
 .debug_abbrev  0x00003763      0x257 build/port.o
 .debug_abbrev  0x000039ba      0x1eb build/sysmem.o
 .debug_abbrev  0x00003ba5      0x1df build/usart.o
 .debug_abbrev  0x00003d84       0x12 build/startup_stm32l431xx.o

.debug_loc      0x00000000    0x16dcb
 .debug_loc     0x00000000      0x202 build/main.o
 .debug_loc     0x00000202       0x40 build/stm32l4xx_it.o
 .debug_loc     0x00000242       0x91 build/stm32l4xx_hal_msp.o
 .debug_loc     0x000002d3      0x2cb build/stm32l4xx_hal.o
 .debug_loc     0x0000059e      0x7c9 build/stm32l4xx_hal_rcc.o
 .debug_loc     0x00000d67     0x184d build/stm32l4xx_hal_rcc_ex.o
 .debug_loc     0x000025b4      0x379 build/stm32l4xx_hal_gpio.o
 .debug_loc     0x0000292d      0x806 build/stm32l4xx_hal_pwr_ex.o
 .debug_loc     0x00003133      0x65e build/stm32l4xx_hal_cortex.o
 .debug_loc     0x00003791     0x5ad9 build/stm32l4xx_hal_tim.o
 .debug_loc     0x0000926a     0x279e build/stm32l4xx_hal_tim_ex.o
 .debug_loc     0x0000ba08     0x3a3d build/stm32l4xx_hal_uart.o
 .debug_loc     0x0000f445      0x9c9 build/stm32l4xx_hal_uart_ex.o
 .debug_loc     0x0000fe0e       0xe0 build/system_stm32l4xx.o
 .debug_loc     0x0000feee       0x9c build/list.o
 .debug_loc     0x0000ff8a     0x1673 build/queue.o
 .debug_loc     0x000115fd     0x28e5 build/tasks.o
 .debug_loc     0x00013ee2      0xec9 build/timers.o
 .debug_loc     0x00014dab     0x1937 build/cmsis_os.o
 .debug_loc     0x000166e2      0x433 build/heap_4.o
 .debug_loc     0x00016b15      0x160 build/port.o
 .debug_loc     0x00016c75       0x78 build/sysmem.o
 .debug_loc     0x00016ced       0xde build/usart.o

.debug_aranges  0x00000000     0x15d0
 .debug_aranges
                0x00000000       0x68 build/main.o
 .debug_aranges
                0x00000068       0x50 build/freertos.o
 .debug_aranges
                0x000000b8       0x58 build/stm32l4xx_it.o
 .debug_aranges
                0x00000110       0x38 build/stm32l4xx_hal_msp.o
 .debug_aranges
                0x00000148      0x130 build/stm32l4xx_hal.o
 .debug_aranges
                0x00000278       0x90 build/stm32l4xx_hal_rcc.o
 .debug_aranges
                0x00000308       0xf0 build/stm32l4xx_hal_rcc_ex.o
 .debug_aranges
                0x000003f8       0x58 build/stm32l4xx_hal_gpio.o
 .debug_aranges
                0x00000450      0x100 build/stm32l4xx_hal_pwr_ex.o
 .debug_aranges
                0x00000550       0xa8 build/stm32l4xx_hal_cortex.o
 .debug_aranges
                0x000005f8      0x3e0 build/stm32l4xx_hal_tim.o
 .debug_aranges
                0x000009d8      0x180 build/stm32l4xx_hal_tim_ex.o
 .debug_aranges
                0x00000b58      0x228 build/stm32l4xx_hal_uart.o
 .debug_aranges
                0x00000d80       0x80 build/stm32l4xx_hal_uart_ex.o
 .debug_aranges
                0x00000e00       0x28 build/system_stm32l4xx.o
 .debug_aranges
                0x00000e28       0x40 build/list.o
 .debug_aranges
                0x00000e68      0x128 build/queue.o
 .debug_aranges
                0x00000f90      0x238 build/tasks.o
 .debug_aranges
                0x000011c8       0xe0 build/timers.o
 .debug_aranges
                0x000012a8      0x1d8 build/cmsis_os.o
 .debug_aranges
                0x00001480       0x58 build/heap_4.o
 .debug_aranges
                0x000014d8       0x80 build/port.o
 .debug_aranges
                0x00001558       0x20 build/sysmem.o
 .debug_aranges
                0x00001578       0x30 build/usart.o
 .debug_aranges
                0x000015a8       0x28 build/startup_stm32l431xx.o

.debug_ranges   0x00000000     0x16e8
 .debug_ranges  0x00000000       0x58 build/main.o
 .debug_ranges  0x00000058       0x40 build/freertos.o
 .debug_ranges  0x00000098       0x48 build/stm32l4xx_it.o
 .debug_ranges  0x000000e0       0x28 build/stm32l4xx_hal_msp.o
 .debug_ranges  0x00000108      0x120 build/stm32l4xx_hal.o
 .debug_ranges  0x00000228       0x98 build/stm32l4xx_hal_rcc.o
 .debug_ranges  0x000002c0       0xf8 build/stm32l4xx_hal_rcc_ex.o
 .debug_ranges  0x000003b8       0x48 build/stm32l4xx_hal_gpio.o
 .debug_ranges  0x00000400       0xf0 build/stm32l4xx_hal_pwr_ex.o
 .debug_ranges  0x000004f0       0xf8 build/stm32l4xx_hal_cortex.o
 .debug_ranges  0x000005e8      0x3d0 build/stm32l4xx_hal_tim.o
 .debug_ranges  0x000009b8      0x170 build/stm32l4xx_hal_tim_ex.o
 .debug_ranges  0x00000b28      0x248 build/stm32l4xx_hal_uart.o
 .debug_ranges  0x00000d70       0x88 build/stm32l4xx_hal_uart_ex.o
 .debug_ranges  0x00000df8       0x18 build/system_stm32l4xx.o
 .debug_ranges  0x00000e10       0x30 build/list.o
 .debug_ranges  0x00000e40      0x1f8 build/queue.o
 .debug_ranges  0x00001038      0x310 build/tasks.o
 .debug_ranges  0x00001348       0xd0 build/timers.o
 .debug_ranges  0x00001418      0x1c8 build/cmsis_os.o
 .debug_ranges  0x000015e0       0x48 build/heap_4.o
 .debug_ranges  0x00001628       0x70 build/port.o
 .debug_ranges  0x00001698       0x10 build/sysmem.o
 .debug_ranges  0x000016a8       0x20 build/usart.o
 .debug_ranges  0x000016c8       0x20 build/startup_stm32l431xx.o

.debug_line     0x00000000     0xbde6
 .debug_line    0x00000000      0x4ca build/main.o
 .debug_line    0x000004ca      0x310 build/freertos.o
 .debug_line    0x000007da      0x34c build/stm32l4xx_it.o
 .debug_line    0x00000b26      0x295 build/stm32l4xx_hal_msp.o
 .debug_line    0x00000dbb      0x4c5 build/stm32l4xx_hal.o
 .debug_line    0x00001280      0x62b build/stm32l4xx_hal_rcc.o
 .debug_line    0x000018ab      0x850 build/stm32l4xx_hal_rcc_ex.o
 .debug_line    0x000020fb      0x377 build/stm32l4xx_hal_gpio.o
 .debug_line    0x00002472      0x598 build/stm32l4xx_hal_pwr_ex.o
 .debug_line    0x00002a0a      0x492 build/stm32l4xx_hal_cortex.o
 .debug_line    0x00002e9c     0x21fe build/stm32l4xx_hal_tim.o
 .debug_line    0x0000509a      0xece build/stm32l4xx_hal_tim_ex.o
 .debug_line    0x00005f68     0x1be8 build/stm32l4xx_hal_uart.o
 .debug_line    0x00007b50      0x5ce build/stm32l4xx_hal_uart_ex.o
 .debug_line    0x0000811e      0x23b build/system_stm32l4xx.o
 .debug_line    0x00008359      0x343 build/list.o
 .debug_line    0x0000869c      0xa59 build/queue.o
 .debug_line    0x000090f5     0x1018 build/tasks.o
 .debug_line    0x0000a10d      0x661 build/timers.o
 .debug_line    0x0000a76e      0x9a6 build/cmsis_os.o
 .debug_line    0x0000b114      0x455 build/heap_4.o
 .debug_line    0x0000b569      0x35a build/port.o
 .debug_line    0x0000b8c3      0x1bd build/sysmem.o
 .debug_line    0x0000ba80      0x2f0 build/usart.o
 .debug_line    0x0000bd70       0x76 build/startup_stm32l431xx.o

.debug_str      0x00000000     0x7ce9
 .debug_str     0x00000000     0x16e9 build/main.o
                               0x183b (size before relaxing)
 .debug_str     0x000016e9      0x15d build/freertos.o
                                0x7e5 (size before relaxing)
 .debug_str     0x00001846      0x105 build/stm32l4xx_it.o
                                0xaf0 (size before relaxing)
 .debug_str     0x0000194b      0x464 build/stm32l4xx_hal_msp.o
                                0xfdf (size before relaxing)
 .debug_str     0x00001daf      0x422 build/stm32l4xx_hal.o
                                0xe09 (size before relaxing)
 .debug_str     0x000021d1      0x322 build/stm32l4xx_hal_rcc.o
                                0xa8e (size before relaxing)
 .debug_str     0x000024f3      0x69f build/stm32l4xx_hal_rcc_ex.o
                                0xe08 (size before relaxing)
 .debug_str     0x00002b92      0x113 build/stm32l4xx_hal_gpio.o
                                0x7ca (size before relaxing)
 .debug_str     0x00002ca5      0x41a build/stm32l4xx_hal_pwr_ex.o
                                0x998 (size before relaxing)
 .debug_str     0x000030bf      0x425 build/stm32l4xx_hal_cortex.o
                                0xda5 (size before relaxing)
 .debug_str     0x000034e4      0xf33 build/stm32l4xx_hal_tim.o
                               0x1938 (size before relaxing)
 .debug_str     0x00004417      0x69b build/stm32l4xx_hal_tim_ex.o
                               0x1231 (size before relaxing)
 .debug_str     0x00004ab2      0x7de build/stm32l4xx_hal_uart.o
                               0x1241 (size before relaxing)
 .debug_str     0x00005290      0x1f4 build/stm32l4xx_hal_uart_ex.o
                                0xb8d (size before relaxing)
 .debug_str     0x00005484       0x3d build/system_stm32l4xx.o
                                0x61c (size before relaxing)
 .debug_str     0x000054c1      0x4f1 build/list.o
                                0x703 (size before relaxing)
 .debug_str     0x000059b2      0x82e build/queue.o
                               0x101c (size before relaxing)
 .debug_str     0x000061e0      0xc1a build/tasks.o
                               0x18e7 (size before relaxing)
 .debug_str     0x00006dfa      0x4a1 build/timers.o
                                0xfb5 (size before relaxing)
 .debug_str     0x0000729b      0x56d build/cmsis_os.o
                               0x14e6 (size before relaxing)
 .debug_str     0x00007808      0x29f build/heap_4.o
                                0x92e (size before relaxing)
 .debug_str     0x00007aa7      0x17d build/port.o
                                0x48d (size before relaxing)
 .debug_str     0x00007c24       0x91 build/sysmem.o
                                0x623 (size before relaxing)
 .debug_str     0x00007cb5       0x10 build/usart.o
                                0xd68 (size before relaxing)
 .debug_str     0x00007cc5       0x24 build/startup_stm32l431xx.o
                                 0x61 (size before relaxing)

.comment        0x00000000       0x7f
 .comment       0x00000000       0x7f build/main.o
                                 0x80 (size before relaxing)
 .comment       0x0000007f       0x80 build/freertos.o
 .comment       0x0000007f       0x80 build/stm32l4xx_it.o
 .comment       0x0000007f       0x80 build/stm32l4xx_hal_msp.o
 .comment       0x0000007f       0x80 build/stm32l4xx_hal.o
 .comment       0x0000007f       0x80 build/stm32l4xx_hal_rcc.o
 .comment       0x0000007f       0x80 build/stm32l4xx_hal_rcc_ex.o
 .comment       0x0000007f       0x80 build/stm32l4xx_hal_gpio.o
 .comment       0x0000007f       0x80 build/stm32l4xx_hal_pwr_ex.o
 .comment       0x0000007f       0x80 build/stm32l4xx_hal_cortex.o
 .comment       0x0000007f       0x80 build/stm32l4xx_hal_tim.o
 .comment       0x0000007f       0x80 build/stm32l4xx_hal_tim_ex.o
 .comment       0x0000007f       0x80 build/stm32l4xx_hal_uart.o
 .comment       0x0000007f       0x80 build/stm32l4xx_hal_uart_ex.o
 .comment       0x0000007f       0x80 build/system_stm32l4xx.o
 .comment       0x0000007f       0x80 build/list.o
 .comment       0x0000007f       0x80 build/queue.o
 .comment       0x0000007f       0x80 build/tasks.o
 .comment       0x0000007f       0x80 build/timers.o
 .comment       0x0000007f       0x80 build/cmsis_os.o
 .comment       0x0000007f       0x80 build/heap_4.o
 .comment       0x0000007f       0x80 build/port.o
 .comment       0x0000007f       0x80 build/sysmem.o
 .comment       0x0000007f       0x80 build/usart.o

.debug_frame    0x00000000     0x45fc
 .debug_frame   0x00000000      0x118 build/main.o
 .debug_frame   0x00000118       0x80 build/freertos.o
 .debug_frame   0x00000198       0xa8 build/stm32l4xx_it.o
 .debug_frame   0x00000240       0x68 build/stm32l4xx_hal_msp.o
 .debug_frame   0x000002a8      0x28c build/stm32l4xx_hal.o
 .debug_frame   0x00000534      0x1d0 build/stm32l4xx_hal_rcc.o
 .debug_frame   0x00000704      0x278 build/stm32l4xx_hal_rcc_ex.o
 .debug_frame   0x0000097c       0xec build/stm32l4xx_hal_gpio.o
 .debug_frame   0x00000a68      0x204 build/stm32l4xx_hal_pwr_ex.o
 .debug_frame   0x00000c6c      0x16c build/stm32l4xx_hal_cortex.o
 .debug_frame   0x00000dd8      0xd60 build/stm32l4xx_hal_tim.o
 .debug_frame   0x00001b38      0x5b4 build/stm32l4xx_hal_tim_ex.o
 .debug_frame   0x000020ec      0x6ac build/stm32l4xx_hal_uart.o
 .debug_frame   0x00002798      0x16c build/stm32l4xx_hal_uart_ex.o
 .debug_frame   0x00002904       0x30 build/system_stm32l4xx.o
 .debug_frame   0x00002934       0x70 build/list.o
 .debug_frame   0x000029a4      0x410 build/queue.o
 .debug_frame   0x00002db4      0x82c build/tasks.o
 .debug_frame   0x000035e0      0x308 build/timers.o
 .debug_frame   0x000038e8      0x6a4 build/cmsis_os.o
 .debug_frame   0x00003f8c       0xe4 build/heap_4.o
 .debug_frame   0x00004070      0x104 build/port.o
 .debug_frame   0x00004174       0x2c build/sysmem.o
 .debug_frame   0x000041a0       0x6c build/usart.o
 .debug_frame   0x0000420c       0x20 c:/program files (x86)/gnu tools arm embedded/7 2018-q2-update/bin/../lib/gcc/arm-none-eabi/7.3.1/../../../../arm-none-eabi/lib/thumb/v7e-m/fpv4-sp/hard\libc_nano.a(lib_a-errno.o)
 .debug_frame   0x0000422c       0x2c c:/program files (x86)/gnu tools arm embedded/7 2018-q2-update/bin/../lib/gcc/arm-none-eabi/7.3.1/../../../../arm-none-eabi/lib/thumb/v7e-m/fpv4-sp/hard\libc_nano.a(lib_a-init.o)
 .debug_frame   0x00004258       0x28 c:/program files (x86)/gnu tools arm embedded/7 2018-q2-update/bin/../lib/gcc/arm-none-eabi/7.3.1/../../../../arm-none-eabi/lib/thumb/v7e-m/fpv4-sp/hard\libc_nano.a(lib_a-memcpy-stub.o)
 .debug_frame   0x00004280       0x20 c:/program files (x86)/gnu tools arm embedded/7 2018-q2-update/bin/../lib/gcc/arm-none-eabi/7.3.1/../../../../arm-none-eabi/lib/thumb/v7e-m/fpv4-sp/hard\libc_nano.a(lib_a-memset.o)
 .debug_frame   0x000042a0       0x6c c:/program files (x86)/gnu tools arm embedded/7 2018-q2-update/bin/../lib/gcc/arm-none-eabi/7.3.1/../../../../arm-none-eabi/lib/thumb/v7e-m/fpv4-sp/hard\libc_nano.a(lib_a-sprintf.o)
 .debug_frame   0x0000430c       0x90 c:/program files (x86)/gnu tools arm embedded/7 2018-q2-update/bin/../lib/gcc/arm-none-eabi/7.3.1/../../../../arm-none-eabi/lib/thumb/v7e-m/fpv4-sp/hard\libc_nano.a(lib_a-nano-svfprintf.o)
 .debug_frame   0x0000439c       0x60 c:/program files (x86)/gnu tools arm embedded/7 2018-q2-update/bin/../lib/gcc/arm-none-eabi/7.3.1/../../../../arm-none-eabi/lib/thumb/v7e-m/fpv4-sp/hard\libc_nano.a(lib_a-nano-vfprintf_i.o)
 .debug_frame   0x000043fc       0x28 c:/program files (x86)/gnu tools arm embedded/7 2018-q2-update/bin/../lib/gcc/arm-none-eabi/7.3.1/../../../../arm-none-eabi/lib/thumb/v7e-m/fpv4-sp/hard\libc_nano.a(lib_a-memmove.o)
 .debug_frame   0x00004424       0x38 c:/program files (x86)/gnu tools arm embedded/7 2018-q2-update/bin/../lib/gcc/arm-none-eabi/7.3.1/../../../../arm-none-eabi/lib/thumb/v7e-m/fpv4-sp/hard\libc_nano.a(lib_a-nano-freer.o)
 .debug_frame   0x0000445c       0x2c c:/program files (x86)/gnu tools arm embedded/7 2018-q2-update/bin/../lib/gcc/arm-none-eabi/7.3.1/../../../../arm-none-eabi/lib/thumb/v7e-m/fpv4-sp/hard\libc_nano.a(lib_a-nano-mallocr.o)
 .debug_frame   0x00004488       0x3c c:/program files (x86)/gnu tools arm embedded/7 2018-q2-update/bin/../lib/gcc/arm-none-eabi/7.3.1/../../../../arm-none-eabi/lib/thumb/v7e-m/fpv4-sp/hard\libc_nano.a(lib_a-nano-reallocr.o)
 .debug_frame   0x000044c4       0x2c c:/program files (x86)/gnu tools arm embedded/7 2018-q2-update/bin/../lib/gcc/arm-none-eabi/7.3.1/../../../../arm-none-eabi/lib/thumb/v7e-m/fpv4-sp/hard\libc_nano.a(lib_a-sbrkr.o)
 .debug_frame   0x000044f0       0x30 c:/program files (x86)/gnu tools arm embedded/7 2018-q2-update/bin/../lib/gcc/arm-none-eabi/7.3.1/../../../../arm-none-eabi/lib/thumb/v7e-m/fpv4-sp/hard\libc_nano.a(lib_a-mlock.o)
 .debug_frame   0x00004520       0x20 c:/program files (x86)/gnu tools arm embedded/7 2018-q2-update/bin/../lib/gcc/arm-none-eabi/7.3.1/../../../../arm-none-eabi/lib/thumb/v7e-m/fpv4-sp/hard\libc_nano.a(lib_a-nano-msizer.o)
 .debug_frame   0x00004540       0x5c c:/program files (x86)/gnu tools arm embedded/7 2018-q2-update/bin/../lib/gcc/arm-none-eabi/7.3.1/../../../../arm-none-eabi/lib/thumb/v7e-m/fpv4-sp/hard\libc_nano.a(lib_a-reent.o)
 .debug_frame   0x0000459c       0x2c c:/program files (x86)/gnu tools arm embedded/7 2018-q2-update/bin/../lib/gcc/arm-none-eabi/7.3.1/thumb/v7e-m/fpv4-sp/hard\libgcc.a(_aeabi_uldivmod.o)
 .debug_frame   0x000045c8       0x34 c:/program files (x86)/gnu tools arm embedded/7 2018-q2-update/bin/../lib/gcc/arm-none-eabi/7.3.1/thumb/v7e-m/fpv4-sp/hard\libgcc.a(_udivmoddi4.o)

Cross Reference Table

Symbol                                            File
ADC1_IRQHandler                                   build/startup_stm32l431xx.o
AHBPrescTable                                     build/system_stm32l4xx.o
                                                  build/stm32l4xx_hal_rcc.o
APBPrescTable                                     build/system_stm32l4xx.o
                                                  build/stm32l4xx_hal_rcc.o
BusFault_Handler                                  build/stm32l4xx_it.o
CAN1_RX0_IRQHandler                               build/startup_stm32l431xx.o
CAN1_RX1_IRQHandler                               build/startup_stm32l431xx.o
CAN1_SCE_IRQHandler                               build/startup_stm32l431xx.o
CAN1_TX_IRQHandler                                build/startup_stm32l431xx.o
COMP_IRQHandler                                   build/startup_stm32l431xx.o
CRS_IRQHandler                                    build/startup_stm32l431xx.o
Callback01                                        build/main.o
DMA1_Channel1_IRQHandler                          build/startup_stm32l431xx.o
DMA1_Channel2_IRQHandler                          build/startup_stm32l431xx.o
DMA1_Channel3_IRQHandler                          build/startup_stm32l431xx.o
DMA1_Channel4_IRQHandler                          build/startup_stm32l431xx.o
DMA1_Channel5_IRQHandler                          build/startup_stm32l431xx.o
DMA1_Channel6_IRQHandler                          build/startup_stm32l431xx.o
DMA1_Channel7_IRQHandler                          build/startup_stm32l431xx.o
DMA2_Channel1_IRQHandler                          build/startup_stm32l431xx.o
DMA2_Channel2_IRQHandler                          build/startup_stm32l431xx.o
DMA2_Channel3_IRQHandler                          build/startup_stm32l431xx.o
DMA2_Channel4_IRQHandler                          build/startup_stm32l431xx.o
DMA2_Channel5_IRQHandler                          build/startup_stm32l431xx.o
DMA2_Channel6_IRQHandler                          build/startup_stm32l431xx.o
DMA2_Channel7_IRQHandler                          build/startup_stm32l431xx.o
DebugMon_Handler                                  build/stm32l4xx_it.o
Default_Handler                                   build/startup_stm32l431xx.o
EXTI0_IRQHandler                                  build/startup_stm32l431xx.o
EXTI15_10_IRQHandler                              build/startup_stm32l431xx.o
EXTI1_IRQHandler                                  build/startup_stm32l431xx.o
EXTI2_IRQHandler                                  build/startup_stm32l431xx.o
EXTI3_IRQHandler                                  build/startup_stm32l431xx.o
EXTI4_IRQHandler                                  build/startup_stm32l431xx.o
EXTI9_5_IRQHandler                                build/startup_stm32l431xx.o
Error_Handler                                     build/main.o
                                                  build/usart.o
FLASH_FlushCaches                                 build/stm32l4xx_hal_flash_ex.o
                                                  build/stm32l4xx_hal_flash.o
FLASH_IRQHandler                                  build/startup_stm32l431xx.o
FLASH_PageErase                                   build/stm32l4xx_hal_flash_ex.o
                                                  build/stm32l4xx_hal_flash.o
FLASH_WaitForLastOperation                        build/stm32l4xx_hal_flash.o
                                                  build/stm32l4xx_hal_flash_ex.o
FPU_IRQHandler                                    build/startup_stm32l431xx.o
FreeRTOSRunTimeTicks                              build/stm32l4xx_hal_msp.o
                                                  build/stm32l4xx_it.o
FreeRTOS_errno                                    build/tasks.o
HAL_DBGMCU_DisableDBGSleepMode                    build/stm32l4xx_hal.o
HAL_DBGMCU_DisableDBGStandbyMode                  build/stm32l4xx_hal.o
HAL_DBGMCU_DisableDBGStopMode                     build/stm32l4xx_hal.o
HAL_DBGMCU_EnableDBGSleepMode                     build/stm32l4xx_hal.o
HAL_DBGMCU_EnableDBGStandbyMode                   build/stm32l4xx_hal.o
HAL_DBGMCU_EnableDBGStopMode                      build/stm32l4xx_hal.o
HAL_DMA_Abort                                     build/stm32l4xx_hal_dma.o
                                                  build/stm32l4xx_hal_uart.o
HAL_DMA_Abort_IT                                  build/stm32l4xx_hal_dma.o
                                                  build/stm32l4xx_hal_uart.o
                                                  build/stm32l4xx_hal_tim_ex.o
                                                  build/stm32l4xx_hal_tim.o
HAL_DMA_DeInit                                    build/stm32l4xx_hal_dma.o
HAL_DMA_GetError                                  build/stm32l4xx_hal_dma.o
                                                  build/stm32l4xx_hal_uart.o
HAL_DMA_GetState                                  build/stm32l4xx_hal_dma.o
HAL_DMA_IRQHandler                                build/stm32l4xx_hal_dma.o
HAL_DMA_Init                                      build/stm32l4xx_hal_dma.o
HAL_DMA_PollForTransfer                           build/stm32l4xx_hal_dma.o
HAL_DMA_RegisterCallback                          build/stm32l4xx_hal_dma.o
HAL_DMA_Start                                     build/stm32l4xx_hal_dma.o
HAL_DMA_Start_IT                                  build/stm32l4xx_hal_dma.o
                                                  build/stm32l4xx_hal_uart.o
                                                  build/stm32l4xx_hal_tim_ex.o
                                                  build/stm32l4xx_hal_tim.o
HAL_DMA_UnRegisterCallback                        build/stm32l4xx_hal_dma.o
HAL_DeInit                                        build/stm32l4xx_hal.o
HAL_Delay                                         build/stm32l4xx_hal.o
HAL_EXTI_ClearConfigLine                          build/stm32l4xx_hal_exti.o
HAL_EXTI_ClearPending                             build/stm32l4xx_hal_exti.o
HAL_EXTI_GenerateSWI                              build/stm32l4xx_hal_exti.o
HAL_EXTI_GetConfigLine                            build/stm32l4xx_hal_exti.o
HAL_EXTI_GetHandle                                build/stm32l4xx_hal_exti.o
HAL_EXTI_GetPending                               build/stm32l4xx_hal_exti.o
HAL_EXTI_IRQHandler                               build/stm32l4xx_hal_exti.o
HAL_EXTI_RegisterCallback                         build/stm32l4xx_hal_exti.o
HAL_EXTI_SetConfigLine                            build/stm32l4xx_hal_exti.o
HAL_FLASHEx_DisableRunPowerDown                   build/stm32l4xx_hal_flash_ramfunc.o
HAL_FLASHEx_EnableRunPowerDown                    build/stm32l4xx_hal_flash_ramfunc.o
HAL_FLASHEx_Erase                                 build/stm32l4xx_hal_flash_ex.o
HAL_FLASHEx_Erase_IT                              build/stm32l4xx_hal_flash_ex.o
HAL_FLASHEx_OBGetConfig                           build/stm32l4xx_hal_flash_ex.o
HAL_FLASHEx_OBProgram                             build/stm32l4xx_hal_flash_ex.o
HAL_FLASH_EndOfOperationCallback                  build/stm32l4xx_hal_flash.o
HAL_FLASH_GetError                                build/stm32l4xx_hal_flash.o
HAL_FLASH_IRQHandler                              build/stm32l4xx_hal_flash.o
HAL_FLASH_Lock                                    build/stm32l4xx_hal_flash.o
HAL_FLASH_OB_Launch                               build/stm32l4xx_hal_flash.o
HAL_FLASH_OB_Lock                                 build/stm32l4xx_hal_flash.o
HAL_FLASH_OB_Unlock                               build/stm32l4xx_hal_flash.o
HAL_FLASH_OperationErrorCallback                  build/stm32l4xx_hal_flash.o
HAL_FLASH_Program                                 build/stm32l4xx_hal_flash.o
HAL_FLASH_Program_IT                              build/stm32l4xx_hal_flash.o
HAL_FLASH_Unlock                                  build/stm32l4xx_hal_flash.o
HAL_GPIO_DeInit                                   build/stm32l4xx_hal_gpio.o
                                                  build/usart.o
HAL_GPIO_EXTI_Callback                            build/stm32l4xx_hal_gpio.o
HAL_GPIO_EXTI_IRQHandler                          build/stm32l4xx_hal_gpio.o
HAL_GPIO_Init                                     build/stm32l4xx_hal_gpio.o
                                                  build/usart.o
                                                  build/stm32l4xx_hal_rcc_ex.o
                                                  build/stm32l4xx_hal_rcc.o
HAL_GPIO_LockPin                                  build/stm32l4xx_hal_gpio.o
HAL_GPIO_ReadPin                                  build/stm32l4xx_hal_gpio.o
HAL_GPIO_TogglePin                                build/stm32l4xx_hal_gpio.o
HAL_GPIO_WritePin                                 build/stm32l4xx_hal_gpio.o
HAL_GetDEVID                                      build/stm32l4xx_hal.o
HAL_GetHalVersion                                 build/stm32l4xx_hal.o
HAL_GetREVID                                      build/stm32l4xx_hal.o
HAL_GetTick                                       build/stm32l4xx_hal.o
                                                  build/stm32l4xx_hal_uart_ex.o
                                                  build/stm32l4xx_hal_uart.o
                                                  build/stm32l4xx_hal_dma.o
                                                  build/stm32l4xx_hal_flash.o
                                                  build/stm32l4xx_hal_rcc_ex.o
                                                  build/stm32l4xx_hal_rcc.o
HAL_GetTickFreq                                   build/stm32l4xx_hal.o
HAL_GetTickPrio                                   build/stm32l4xx_hal.o
HAL_GetUIDw0                                      build/stm32l4xx_hal.o
HAL_GetUIDw1                                      build/stm32l4xx_hal.o
HAL_GetUIDw2                                      build/stm32l4xx_hal.o
HAL_HalfDuplex_EnableReceiver                     build/stm32l4xx_hal_uart.o
HAL_HalfDuplex_EnableTransmitter                  build/stm32l4xx_hal_uart.o
HAL_HalfDuplex_Init                               build/stm32l4xx_hal_uart.o
HAL_IncTick                                       build/stm32l4xx_hal.o
                                                  build/stm32l4xx_it.o
HAL_Init                                          build/stm32l4xx_hal.o
                                                  build/main.o
HAL_InitTick                                      build/stm32l4xx_hal.o
                                                  build/stm32l4xx_hal_rcc.o
HAL_LIN_Init                                      build/stm32l4xx_hal_uart.o
HAL_LIN_SendBreak                                 build/stm32l4xx_hal_uart.o
HAL_MPU_ConfigRegion                              build/stm32l4xx_hal_cortex.o
HAL_MPU_Disable                                   build/stm32l4xx_hal_cortex.o
HAL_MPU_Enable                                    build/stm32l4xx_hal_cortex.o
HAL_MspDeInit                                     build/stm32l4xx_hal.o
HAL_MspInit                                       build/stm32l4xx_hal_msp.o
HAL_MultiProcessorEx_AddressLength_Set            build/stm32l4xx_hal_uart_ex.o
HAL_MultiProcessor_DisableMuteMode                build/stm32l4xx_hal_uart.o
HAL_MultiProcessor_EnableMuteMode                 build/stm32l4xx_hal_uart.o
HAL_MultiProcessor_EnterMuteMode                  build/stm32l4xx_hal_uart.o
HAL_MultiProcessor_Init                           build/stm32l4xx_hal_uart.o
HAL_NVIC_ClearPendingIRQ                          build/stm32l4xx_hal_cortex.o
HAL_NVIC_DisableIRQ                               build/stm32l4xx_hal_cortex.o
HAL_NVIC_EnableIRQ                                build/stm32l4xx_hal_cortex.o
                                                  build/stm32l4xx_hal_msp.o
HAL_NVIC_GetActive                                build/stm32l4xx_hal_cortex.o
HAL_NVIC_GetPendingIRQ                            build/stm32l4xx_hal_cortex.o
HAL_NVIC_GetPriority                              build/stm32l4xx_hal_cortex.o
HAL_NVIC_GetPriorityGrouping                      build/stm32l4xx_hal_cortex.o
HAL_NVIC_SetPendingIRQ                            build/stm32l4xx_hal_cortex.o
HAL_NVIC_SetPriority                              build/stm32l4xx_hal_cortex.o
                                                  build/stm32l4xx_hal.o
                                                  build/stm32l4xx_hal_msp.o
HAL_NVIC_SetPriorityGrouping                      build/stm32l4xx_hal_cortex.o
                                                  build/stm32l4xx_hal.o
HAL_NVIC_SystemReset                              build/stm32l4xx_hal_cortex.o
HAL_PWREx_ConfigPVM                               build/stm32l4xx_hal_pwr_ex.o
HAL_PWREx_ControlVoltageScaling                   build/stm32l4xx_hal_pwr_ex.o
                                                  build/main.o
HAL_PWREx_DisableBatteryCharging                  build/stm32l4xx_hal_pwr_ex.o
HAL_PWREx_DisableGPIOPullDown                     build/stm32l4xx_hal_pwr_ex.o
HAL_PWREx_DisableGPIOPullUp                       build/stm32l4xx_hal_pwr_ex.o
HAL_PWREx_DisableInternalWakeUpLine               build/stm32l4xx_hal_pwr_ex.o
HAL_PWREx_DisableLowPowerRunMode                  build/stm32l4xx_hal_pwr_ex.o
                                                  build/stm32l4xx_hal_pwr.o
HAL_PWREx_DisablePVM3                             build/stm32l4xx_hal_pwr_ex.o
HAL_PWREx_DisablePVM4                             build/stm32l4xx_hal_pwr_ex.o
HAL_PWREx_DisablePullUpPullDownConfig             build/stm32l4xx_hal_pwr_ex.o
HAL_PWREx_DisableSRAM2ContentRetention            build/stm32l4xx_hal_pwr_ex.o
HAL_PWREx_EnableBatteryCharging                   build/stm32l4xx_hal_pwr_ex.o
HAL_PWREx_EnableGPIOPullDown                      build/stm32l4xx_hal_pwr_ex.o
HAL_PWREx_EnableGPIOPullUp                        build/stm32l4xx_hal_pwr_ex.o
HAL_PWREx_EnableInternalWakeUpLine                build/stm32l4xx_hal_pwr_ex.o
HAL_PWREx_EnableLowPowerRunMode                   build/stm32l4xx_hal_pwr_ex.o
                                                  build/stm32l4xx_hal_pwr.o
HAL_PWREx_EnablePVM3                              build/stm32l4xx_hal_pwr_ex.o
HAL_PWREx_EnablePVM4                              build/stm32l4xx_hal_pwr_ex.o
HAL_PWREx_EnablePullUpPullDownConfig              build/stm32l4xx_hal_pwr_ex.o
HAL_PWREx_EnableSRAM2ContentRetention             build/stm32l4xx_hal_pwr_ex.o
HAL_PWREx_EnterSHUTDOWNMode                       build/stm32l4xx_hal_pwr_ex.o
HAL_PWREx_EnterSTOP0Mode                          build/stm32l4xx_hal_pwr_ex.o
                                                  build/stm32l4xx_hal_pwr.o
HAL_PWREx_EnterSTOP1Mode                          build/stm32l4xx_hal_pwr_ex.o
                                                  build/stm32l4xx_hal_pwr.o
HAL_PWREx_EnterSTOP2Mode                          build/stm32l4xx_hal_pwr_ex.o
HAL_PWREx_GetVoltageRange                         build/stm32l4xx_hal_pwr_ex.o
                                                  build/stm32l4xx_hal_rcc.o
HAL_PWREx_PVD_PVM_IRQHandler                      build/stm32l4xx_hal_pwr_ex.o
HAL_PWREx_PVM3Callback                            build/stm32l4xx_hal_pwr_ex.o
HAL_PWREx_PVM4Callback                            build/stm32l4xx_hal_pwr_ex.o
HAL_PWREx_SetSRAM2ContentRetention                build/stm32l4xx_hal_pwr_ex.o
HAL_PWR_ConfigPVD                                 build/stm32l4xx_hal_pwr.o
HAL_PWR_DeInit                                    build/stm32l4xx_hal_pwr.o
HAL_PWR_DisableBkUpAccess                         build/stm32l4xx_hal_pwr.o
                                                  build/stm32l4xx_hal_rcc_ex.o
HAL_PWR_DisablePVD                                build/stm32l4xx_hal_pwr.o
HAL_PWR_DisableSEVOnPend                          build/stm32l4xx_hal_pwr.o
HAL_PWR_DisableSleepOnExit                        build/stm32l4xx_hal_pwr.o
HAL_PWR_DisableWakeUpPin                          build/stm32l4xx_hal_pwr.o
HAL_PWR_EnableBkUpAccess                          build/stm32l4xx_hal_pwr.o
                                                  build/stm32l4xx_hal_rcc_ex.o
HAL_PWR_EnablePVD                                 build/stm32l4xx_hal_pwr.o
HAL_PWR_EnableSEVOnPend                           build/stm32l4xx_hal_pwr.o
HAL_PWR_EnableSleepOnExit                         build/stm32l4xx_hal_pwr.o
HAL_PWR_EnableWakeUpPin                           build/stm32l4xx_hal_pwr.o
HAL_PWR_EnterSLEEPMode                            build/stm32l4xx_hal_pwr.o
HAL_PWR_EnterSTANDBYMode                          build/stm32l4xx_hal_pwr.o
HAL_PWR_EnterSTOPMode                             build/stm32l4xx_hal_pwr.o
HAL_PWR_PVDCallback                               build/stm32l4xx_hal_pwr.o
                                                  build/stm32l4xx_hal_pwr_ex.o
HAL_RCCEx_CRSConfig                               build/stm32l4xx_hal_rcc_ex.o
HAL_RCCEx_CRSGetSynchronizationInfo               build/stm32l4xx_hal_rcc_ex.o
HAL_RCCEx_CRSSoftwareSynchronizationGenerate      build/stm32l4xx_hal_rcc_ex.o
HAL_RCCEx_CRSWaitSynchronization                  build/stm32l4xx_hal_rcc_ex.o
HAL_RCCEx_CRS_ErrorCallback                       build/stm32l4xx_hal_rcc_ex.o
HAL_RCCEx_CRS_ExpectedSyncCallback                build/stm32l4xx_hal_rcc_ex.o
HAL_RCCEx_CRS_IRQHandler                          build/stm32l4xx_hal_rcc_ex.o
HAL_RCCEx_CRS_SyncOkCallback                      build/stm32l4xx_hal_rcc_ex.o
HAL_RCCEx_CRS_SyncWarnCallback                    build/stm32l4xx_hal_rcc_ex.o
HAL_RCCEx_DisableLSCO                             build/stm32l4xx_hal_rcc_ex.o
HAL_RCCEx_DisableLSECSS                           build/stm32l4xx_hal_rcc_ex.o